

Microchip MPLAB XC8 Assembler V3.10 build 20250813170317 
                                                                                               Mon Sep 14 19:47:20 2026

Microchip MPLAB XC8 C Compiler v3.10 (Free license) build 20250813170317 Og1 
     1                           	processor	16F628A
     2                           	pagewidth 120
     3                           	opt	flic
     4                           	psect	cinit,global,class=CODE,space=0,merge=1,delta=2
     5                           	psect	cstackCOMMON,global,class=COMMON,space=1,delta=1,noexec
     6                           	psect	maintext,global,class=CODE,space=0,split=1,delta=2
     7                           	psect	text1,local,class=CODE,space=0,merge=1,delta=2
     8                           	psect	config,global,abs,ovrld,class=CONFIG,space=4,delta=2,noexec
     9                           	dabs	1,0x7E,2
    10     0000                     
    11                           ; Generated 22/04/2026 GMT
    12                           ; 
    13                           ; Copyright (c) 2026 Microchip Technology Inc. and its subsidiaries.
    14                           ; 
    15                           ; Licensed under the Apache License, Version 2.0 (the "License");
    16                           ; you may not use this file except in compliance with the License.
    17                           ; You may obtain a copy of the License at
    18                           ; 
    19                           ;   http://www.apache.org/licenses/LICENSE-2.0
    20                           ; 
    21                           ; Unless required by applicable law or agreed to in writing, software
    22                           ; distributed under the License is distributed on an "AS IS" BASIS,
    23                           ; WITHOUT WARRANTIES OR CONDITIONS OF ANY KIND, either express or implied.
    24                           ; See the License for the specific language governing permissions and
    25                           ; limitations under the License.
    26                           ; 
    27                           ; 
    28                           ; Code-generator required, PIC16F628A Definitions
    29                           ; 
    30                           ; SFR Addresses
    31     0004                     fsr             equ	4
    32     0004                     fsr0            equ	4
    33     0000                     indf            equ	0
    34     0000                     indf0           equ	0
    35     0002                     pc              equ	2
    36     0002                     pcl             equ	2
    37     000A                     pclath          equ	10
    38     0003                     status          equ	3
    39     0000                     INDF            equ	0	;# 
    40     0001                     TMR0            equ	1	;# 
    41     0002                     PCL             equ	2	;# 
    42     0003                     STATUS          equ	3	;# 
    43     0004                     FSR             equ	4	;# 
    44     0005                     PORTA           equ	5	;# 
    45     0006                     PORTB           equ	6	;# 
    46     000A                     PCLATH          equ	10	;# 
    47     000B                     INTCON          equ	11	;# 
    48     000C                     PIR1            equ	12	;# 
    49     000E                     TMR1            equ	14	;# 
    50     000E                     TMR1L           equ	14	;# 
    51     000F                     TMR1H           equ	15	;# 
    52     0010                     T1CON           equ	16	;# 
    53     0011                     TMR2            equ	17	;# 
    54     0012                     T2CON           equ	18	;# 
    55     0015                     CCPR1           equ	21	;# 
    56     0015                     CCPR1L          equ	21	;# 
    57     0016                     CCPR1H          equ	22	;# 
    58     0017                     CCP1CON         equ	23	;# 
    59     0018                     RCSTA           equ	24	;# 
    60     0019                     TXREG           equ	25	;# 
    61     001A                     RCREG           equ	26	;# 
    62     001F                     CMCON           equ	31	;# 
    63     0081                     OPTION_REG      equ	129	;# 
    64     0085                     TRISA           equ	133	;# 
    65     0086                     TRISB           equ	134	;# 
    66     008C                     PIE1            equ	140	;# 
    67     008E                     PCON            equ	142	;# 
    68     0092                     PR2             equ	146	;# 
    69     0098                     TXSTA           equ	152	;# 
    70     0099                     SPBRG           equ	153	;# 
    71     009A                     EEDATA          equ	154	;# 
    72     009B                     EEADR           equ	155	;# 
    73     009C                     EECON1          equ	156	;# 
    74     009D                     EECON2          equ	157	;# 
    75     009F                     VRCON           equ	159	;# 
    76     0000                     INDF            equ	0	;# 
    77     0001                     TMR0            equ	1	;# 
    78     0002                     PCL             equ	2	;# 
    79     0003                     STATUS          equ	3	;# 
    80     0004                     FSR             equ	4	;# 
    81     0005                     PORTA           equ	5	;# 
    82     0006                     PORTB           equ	6	;# 
    83     000A                     PCLATH          equ	10	;# 
    84     000B                     INTCON          equ	11	;# 
    85     000C                     PIR1            equ	12	;# 
    86     000E                     TMR1            equ	14	;# 
    87     000E                     TMR1L           equ	14	;# 
    88     000F                     TMR1H           equ	15	;# 
    89     0010                     T1CON           equ	16	;# 
    90     0011                     TMR2            equ	17	;# 
    91     0012                     T2CON           equ	18	;# 
    92     0015                     CCPR1           equ	21	;# 
    93     0015                     CCPR1L          equ	21	;# 
    94     0016                     CCPR1H          equ	22	;# 
    95     0017                     CCP1CON         equ	23	;# 
    96     0018                     RCSTA           equ	24	;# 
    97     0019                     TXREG           equ	25	;# 
    98     001A                     RCREG           equ	26	;# 
    99     001F                     CMCON           equ	31	;# 
   100     0081                     OPTION_REG      equ	129	;# 
   101     0085                     TRISA           equ	133	;# 
   102     0086                     TRISB           equ	134	;# 
   103     008C                     PIE1            equ	140	;# 
   104     008E                     PCON            equ	142	;# 
   105     0092                     PR2             equ	146	;# 
   106     0098                     TXSTA           equ	152	;# 
   107     0099                     SPBRG           equ	153	;# 
   108     009A                     EEDATA          equ	154	;# 
   109     009B                     EEADR           equ	155	;# 
   110     009C                     EECON1          equ	156	;# 
   111     009D                     EECON2          equ	157	;# 
   112     009F                     VRCON           equ	159	;# 
   113     0006                     _PORTB          set	6
   114     0086                     _TRISB          set	134
   115                           
   116                           	psect	cinit
   117     07FE                     start_initialization:	
   118                           ; #config settings
   119                           
   120     07FE                     __initialization:
   121     07FE                     end_of_initialization:	
   122                           ;End of C runtime variable initialization code
   123                           
   124     07FE                     __end_of__initialization:
   125     07FE  0183               	clrf	3
   126     07FF  2FC8               	ljmp	_main	;jump to C main() function
   127                           
   128                           	psect	cstackCOMMON
   129     0070                     __pcstackCOMMON:
   130     0070                     ?_configuracao:
   131     0070                     ?_main:	
   132                           ; 1 bytes @ 0x0
   133                           
   134     0070                     ??_configuracao:	
   135                           ; 1 bytes @ 0x0
   136                           
   137     0070                     ??_main:	
   138                           ; 1 bytes @ 0x0
   139                           
   140                           
   141                           ; 1 bytes @ 0x0
   142     0070                     	ds	3
   143                           
   144                           	psect	maintext
   145     07C8                     __pmaintext:	
   146 ;;
   147 ;;Main: autosize = 0, tempsize = 3, incstack = 0, save=0
   148 ;;
   149 ;; *************** function _main *****************
   150 ;; Defined at:
   151 ;;		line 20 in file "main.c"
   152 ;; Parameters:    Size  Location     Type
   153 ;;		None
   154 ;; Auto vars:     Size  Location     Type
   155 ;;		None
   156 ;; Return value:  Size  Location     Type
   157 ;;                  1    wreg      void 
   158 ;; Registers used:
   159 ;;		wreg, status,2, status,0, pclath, cstack
   160 ;; Tracked objects:
   161 ;;		On entry : B00/0
   162 ;;		On exit  : 0/0
   163 ;;		Unchanged: 0/0
   164 ;; Data sizes:     COMMON   BANK0   BANK1   BANK2
   165 ;;      Params:         0       0       0       0
   166 ;;      Locals:         0       0       0       0
   167 ;;      Temps:          3       0       0       0
   168 ;;      Totals:         3       0       0       0
   169 ;;Total ram usage:        3 bytes
   170 ;; Hardware stack levels required when called: 1
   171 ;; This function calls:
   172 ;;		_configuracao
   173 ;; This function is called by:
   174 ;;		Startup code after reset
   175 ;; This function uses a non-reentrant model
   176 ;;
   177                           
   178     07C8                     _main:	
   179                           ;psect for function _main
   180                           
   181     07C8                     l562:	
   182                           ;incstack = 0
   183                           ; Regs used in _main: [wreg+status,2+status,0+pclath+cstack]
   184                           
   185                           
   186                           ;main.c: 22:     configuracao();
   187     07C8  27C4               	fcall	_configuracao
   188     07C9                     l564:
   189                           
   190                           ;main.c: 25:     {;main.c: 26:         PORTB = 0x01;
   191     07C9  3001               	movlw	1
   192     07CA  1283               	bcf	3,5	;RP0=0, select bank0
   193     07CB  1303               	bcf	3,6	;RP1=0, select bank0
   194     07CC  0086               	movwf	6	;volatile
   195     07CD                     l566:
   196                           
   197                           ;main.c: 27:         _delay((unsigned long)((1500)*(4000000/4000.0)));
   198     07CD  3008               	movlw	8
   199     07CE  00F2               	movwf	??_main+2
   200     07CF  309D               	movlw	157
   201     07D0  00F1               	movwf	??_main+1
   202     07D1  3005               	movlw	5
   203     07D2  00F0               	movwf	??_main
   204     07D3                     u17:
   205     07D3  0BF0               	decfsz	??_main,f
   206     07D4  2FD3               	goto	u17
   207     07D5  0BF1               	decfsz	??_main+1,f
   208     07D6  2FD3               	goto	u17
   209     07D7  0BF2               	decfsz	??_main+2,f
   210     07D8  2FD3               	goto	u17
   211     07D9  2FDA               	nop2
   212     07DA                     l568:
   213                           
   214                           ;main.c: 28:         PORTB = 0x02;
   215     07DA  3002               	movlw	2
   216     07DB  1283               	bcf	3,5	;RP0=0, select bank0
   217     07DC  1303               	bcf	3,6	;RP1=0, select bank0
   218     07DD  0086               	movwf	6	;volatile
   219     07DE                     l570:
   220                           
   221                           ;main.c: 29:         _delay((unsigned long)((500)*(4000000/4000.0)));
   222     07DE  3003               	movlw	3
   223     07DF  00F2               	movwf	??_main+2
   224     07E0  308A               	movlw	138
   225     07E1  00F1               	movwf	??_main+1
   226     07E2  3055               	movlw	85
   227     07E3  00F0               	movwf	??_main
   228     07E4                     u27:
   229     07E4  0BF0               	decfsz	??_main,f
   230     07E5  2FE4               	goto	u27
   231     07E6  0BF1               	decfsz	??_main+1,f
   232     07E7  2FE4               	goto	u27
   233     07E8  0BF2               	decfsz	??_main+2,f
   234     07E9  2FE4               	goto	u27
   235     07EA  2FEB               	nop2
   236     07EB                     l572:
   237                           
   238                           ;main.c: 30:         PORTB = 0x04;
   239     07EB  3004               	movlw	4
   240     07EC  1283               	bcf	3,5	;RP0=0, select bank0
   241     07ED  1303               	bcf	3,6	;RP1=0, select bank0
   242     07EE  0086               	movwf	6	;volatile
   243     07EF                     l574:
   244                           
   245                           ;main.c: 31:         _delay((unsigned long)((1500)*(4000000/4000.0)));
   246     07EF  3008               	movlw	8
   247     07F0  00F2               	movwf	??_main+2
   248     07F1  309D               	movlw	157
   249     07F2  00F1               	movwf	??_main+1
   250     07F3  3005               	movlw	5
   251     07F4  00F0               	movwf	??_main
   252     07F5                     u37:
   253     07F5  0BF0               	decfsz	??_main,f
   254     07F6  2FF5               	goto	u37
   255     07F7  0BF1               	decfsz	??_main+1,f
   256     07F8  2FF5               	goto	u37
   257     07F9  0BF2               	decfsz	??_main+2,f
   258     07FA  2FF5               	goto	u37
   259     07FB  2FFC               	nop2
   260                           
   261                           ;main.c: 32:     }
   262     07FC  2FC9               	goto	l564
   263     07FD  2800               	ljmp	start
   264     07FE                     __end_of_main:
   265                           
   266                           	psect	text1
   267     07C4                     __ptext1:	
   268 ;; *************** function _configuracao *****************
   269 ;; Defined at:
   270 ;;		line 15 in file "main.c"
   271 ;; Parameters:    Size  Location     Type
   272 ;;		None
   273 ;; Auto vars:     Size  Location     Type
   274 ;;		None
   275 ;; Return value:  Size  Location     Type
   276 ;;                  1    wreg      void 
   277 ;; Registers used:
   278 ;;		status,2
   279 ;; Tracked objects:
   280 ;;		On entry : 0/0
   281 ;;		On exit  : 0/0
   282 ;;		Unchanged: 0/0
   283 ;; Data sizes:     COMMON   BANK0   BANK1   BANK2
   284 ;;      Params:         0       0       0       0
   285 ;;      Locals:         0       0       0       0
   286 ;;      Temps:          0       0       0       0
   287 ;;      Totals:         0       0       0       0
   288 ;;Total ram usage:        0 bytes
   289 ;; Hardware stack levels used: 1
   290 ;; This function calls:
   291 ;;		Nothing
   292 ;; This function is called by:
   293 ;;		_main
   294 ;; This function uses a non-reentrant model
   295 ;;
   296                           
   297     07C4                     _configuracao:	
   298                           ;psect for function _configuracao
   299                           
   300     07C4                     l560:	
   301                           ;incstack = 0
   302                           ; Regs used in _configuracao: [status,2]
   303                           
   304                           
   305                           ;main.c: 17:     TRISB = 0x00;
   306     07C4  1683               	bsf	3,5	;RP0=1, select bank1
   307     07C5  1303               	bcf	3,6	;RP1=0, select bank1
   308     07C6  0186               	clrf	6	;volatile
   309     07C7                     l9:
   310     07C7  0008               	return
   311     07C8                     __end_of_configuracao:
   312     0000                     ___latbits      equ	0
   313     007E                     btemp           set	126	;btemp
   314     007E                     btemp0          set	126
   315     007F                     btemp1          set	127
   316     007E                     wtemp0          set	126
   317     007F                     wtemp0a         set	127
   318     007F                     ttemp0a         set	127
   319     0080                     ltemp0a         set	128
   320                           
   321                           	psect	config
   322                           
   323                           ;Config register CONFIG @ 0x2007
   324                           ;	Oscillator Selection bits
   325                           ;	FOSC = HS, HS oscillator: High-speed crystal/resonator on RA6/OSC2/CLKOUT and RA7/OSC1
      +                          /CLKIN
   326                           ;	Watchdog Timer Enable bit
   327                           ;	WDTE = OFF, WDT disabled
   328                           ;	Power-up Timer Enable bit
   329                           ;	PWRTE = OFF, PWRT disabled
   330                           ;	RA5/MCLR/VPP Pin Function Select bit
   331                           ;	MCLRE = ON, RA5/MCLR/VPP pin function is MCLR
   332                           ;	Brown-out Detect Enable bit
   333                           ;	BOREN = OFF, BOD disabled
   334                           ;	Low-Voltage Programming Enable bit
   335                           ;	LVP = OFF, RB4/PGM pin has digital I/O function, HV on MCLR must be used for programmi
      +                          ng
   336                           ;	Data EE Memory Code Protection bit
   337                           ;	CPD = OFF, Data memory code protection off
   338                           ;	Flash Program Memory Code Protection bit
   339                           ;	CP = OFF, Code protection off
   340     2007                     	org	8199
   341     2007  3F2A               	dw	16170

Data Sizes:
    Strings     0
    Constant    0
    Data        0
    BSS         0
    Persistent  0
    Stack       0

Auto Spaces:
    Space          Size  Autos    Used
    COMMON           14      3       3
    BANK0            80      0       0
    BANK1            80      0       0
    BANK2            48      0       0

Pointer List with Targets:

    None.

Critical Paths under _main in COMMON

    None.

Critical Paths under _main in BANK0

    None.

Critical Paths under _main in BANK1

    None.

Critical Paths under _main in BANK2

    None.

Call Graph Tables:

 ---------------------------------------------------------------------------------
 (Depth) Function   	        Calls       Base Space   Used Autos Params    Refs
 ---------------------------------------------------------------------------------
 (0) _main                                                 3     3      0       0
                                              0 COMMON     3     3      0
                       _configuracao
 ---------------------------------------------------------------------------------
 (1) _configuracao                                         0     0      0       0
 ---------------------------------------------------------------------------------
 Estimated maximum stack depth 1
 ---------------------------------------------------------------------------------

 Call Graph Graphs:

 _main (ROOT)
   _configuracao

Address spaces:
Name               Size   Autos  Total    Usage
BITCOMMON           14      0       0      0.0%
BITBANK0            80      0       0      0.0%
BITBANK1            80      0       0      0.0%
BITBANK2            48      0       0      0.0%
COMMON              14      3       3     21.4%
BANK0               80      0       0      0.0%
BANK1               80      0       0      0.0%
BANK2               48      0       0      0.0%
STACK                0      0       0      0.0%
DATA                 0      0       3      0.0%


Microchip Technology PIC Macro Assembler V3.10 build 20250813170317 
Symbol Table                                                                                   Mon Sep 14 19:47:20 2026

                      l9 07C7            ?_configuracao 0070                       u17 07D3  
                     u27 07E4                       u37 07F5                      l560 07C4  
                    l570 07DE                      l562 07C8                      l572 07EB  
                    l564 07C9                      l574 07EF                      l566 07CD  
                    l568 07DA                     _main 07C8                     btemp 007E  
                   start 0000           ??_configuracao 0070                    ?_main 0070  
                  _PORTB 0006                    _TRISB 0086                    btemp0 007E  
                  btemp1 007F                    status 0003                    wtemp0 007E  
        __initialization 07FE             __end_of_main 07FE                   ??_main 0070  
                 ltemp0a 0080                   ttemp0a 007F     __end_of_configuracao 07C8  
                 wtemp0a 007F  __end_of__initialization 07FE           __pcstackCOMMON 0070  
             __pmaintext 07C8                  __ptext1 07C4     end_of_initialization 07FE  
           _configuracao 07C4      start_initialization 07FE                ___latbits 0000  
