

Microchip MPLAB XC8 Assembler V3.10 build 20250813170317 
                                                                                               Mon Sep 14 21:04:36 2026

Microchip MPLAB XC8 C Compiler v3.10 (Free license) build 20250813170317 Og1 
     1                           	processor	16F628A
     2                           	pagewidth 120
     3                           	opt	flic
     4                           	psect	cinit,global,class=CODE,space=0,merge=1,delta=2
     5                           	psect	cstackCOMMON,global,class=COMMON,space=1,delta=1,noexec
     6                           	psect	maintext,global,class=CODE,space=0,split=1,delta=2
     7                           	psect	text1,local,class=CODE,space=0,merge=1,delta=2
     8                           	psect	config,global,abs,ovrld,class=CONFIG,space=4,delta=2,noexec
     9                           	dabs	1,0x7E,2
    10     0000                     
    11                           ; Generated 22/04/2026 GMT
    12                           ; 
    13                           ; Copyright (c) 2026 Microchip Technology Inc. and its subsidiaries.
    14                           ; 
    15                           ; Licensed under the Apache License, Version 2.0 (the "License");
    16                           ; you may not use this file except in compliance with the License.
    17                           ; You may obtain a copy of the License at
    18                           ; 
    19                           ;   http://www.apache.org/licenses/LICENSE-2.0
    20                           ; 
    21                           ; Unless required by applicable law or agreed to in writing, software
    22                           ; distributed under the License is distributed on an "AS IS" BASIS,
    23                           ; WITHOUT WARRANTIES OR CONDITIONS OF ANY KIND, either express or implied.
    24                           ; See the License for the specific language governing permissions and
    25                           ; limitations under the License.
    26                           ; 
    27                           ; 
    28                           ; Code-generator required, PIC16F628A Definitions
    29                           ; 
    30                           ; SFR Addresses
    31     0004                     fsr             equ	4
    32     0004                     fsr0            equ	4
    33     0000                     indf            equ	0
    34     0000                     indf0           equ	0
    35     0002                     pc              equ	2
    36     0002                     pcl             equ	2
    37     000A                     pclath          equ	10
    38     0003                     status          equ	3
    39     0000                     INDF            equ	0	;# 
    40     0001                     TMR0            equ	1	;# 
    41     0002                     PCL             equ	2	;# 
    42     0003                     STATUS          equ	3	;# 
    43     0004                     FSR             equ	4	;# 
    44     0005                     PORTA           equ	5	;# 
    45     0006                     PORTB           equ	6	;# 
    46     000A                     PCLATH          equ	10	;# 
    47     000B                     INTCON          equ	11	;# 
    48     000C                     PIR1            equ	12	;# 
    49     000E                     TMR1            equ	14	;# 
    50     000E                     TMR1L           equ	14	;# 
    51     000F                     TMR1H           equ	15	;# 
    52     0010                     T1CON           equ	16	;# 
    53     0011                     TMR2            equ	17	;# 
    54     0012                     T2CON           equ	18	;# 
    55     0015                     CCPR1           equ	21	;# 
    56     0015                     CCPR1L          equ	21	;# 
    57     0016                     CCPR1H          equ	22	;# 
    58     0017                     CCP1CON         equ	23	;# 
    59     0018                     RCSTA           equ	24	;# 
    60     0019                     TXREG           equ	25	;# 
    61     001A                     RCREG           equ	26	;# 
    62     001F                     CMCON           equ	31	;# 
    63     0081                     OPTION_REG      equ	129	;# 
    64     0085                     TRISA           equ	133	;# 
    65     0086                     TRISB           equ	134	;# 
    66     008C                     PIE1            equ	140	;# 
    67     008E                     PCON            equ	142	;# 
    68     0092                     PR2             equ	146	;# 
    69     0098                     TXSTA           equ	152	;# 
    70     0099                     SPBRG           equ	153	;# 
    71     009A                     EEDATA          equ	154	;# 
    72     009B                     EEADR           equ	155	;# 
    73     009C                     EECON1          equ	156	;# 
    74     009D                     EECON2          equ	157	;# 
    75     009F                     VRCON           equ	159	;# 
    76     0000                     INDF            equ	0	;# 
    77     0001                     TMR0            equ	1	;# 
    78     0002                     PCL             equ	2	;# 
    79     0003                     STATUS          equ	3	;# 
    80     0004                     FSR             equ	4	;# 
    81     0005                     PORTA           equ	5	;# 
    82     0006                     PORTB           equ	6	;# 
    83     000A                     PCLATH          equ	10	;# 
    84     000B                     INTCON          equ	11	;# 
    85     000C                     PIR1            equ	12	;# 
    86     000E                     TMR1            equ	14	;# 
    87     000E                     TMR1L           equ	14	;# 
    88     000F                     TMR1H           equ	15	;# 
    89     0010                     T1CON           equ	16	;# 
    90     0011                     TMR2            equ	17	;# 
    91     0012                     T2CON           equ	18	;# 
    92     0015                     CCPR1           equ	21	;# 
    93     0015                     CCPR1L          equ	21	;# 
    94     0016                     CCPR1H          equ	22	;# 
    95     0017                     CCP1CON         equ	23	;# 
    96     0018                     RCSTA           equ	24	;# 
    97     0019                     TXREG           equ	25	;# 
    98     001A                     RCREG           equ	26	;# 
    99     001F                     CMCON           equ	31	;# 
   100     0081                     OPTION_REG      equ	129	;# 
   101     0085                     TRISA           equ	133	;# 
   102     0086                     TRISB           equ	134	;# 
   103     008C                     PIE1            equ	140	;# 
   104     008E                     PCON            equ	142	;# 
   105     0092                     PR2             equ	146	;# 
   106     0098                     TXSTA           equ	152	;# 
   107     0099                     SPBRG           equ	153	;# 
   108     009A                     EEDATA          equ	154	;# 
   109     009B                     EEADR           equ	155	;# 
   110     009C                     EECON1          equ	156	;# 
   111     009D                     EECON2          equ	157	;# 
   112     009F                     VRCON           equ	159	;# 
   113     0006                     _PORTB          set	6
   114     0086                     _TRISB          set	134
   115                           
   116                           	psect	cinit
   117     07FE                     start_initialization:	
   118                           ; #config settings
   119                           
   120     07FE                     __initialization:
   121     07FE                     end_of_initialization:	
   122                           ;End of C runtime variable initialization code
   123                           
   124     07FE                     __end_of__initialization:
   125     07FE  0183               	clrf	3
   126     07FF  2F95               	ljmp	_main	;jump to C main() function
   127                           
   128                           	psect	cstackCOMMON
   129     0070                     __pcstackCOMMON:
   130     0070                     ?_configuracao:
   131     0070                     ?_main:	
   132                           ; 1 bytes @ 0x0
   133                           
   134     0070                     ??_configuracao:	
   135                           ; 1 bytes @ 0x0
   136                           
   137     0070                     ??_main:	
   138                           ; 1 bytes @ 0x0
   139                           
   140                           
   141                           ; 1 bytes @ 0x0
   142     0070                     	ds	3
   143                           
   144                           	psect	maintext
   145     0795                     __pmaintext:	
   146 ;;
   147 ;;Main: autosize = 0, tempsize = 3, incstack = 0, save=0
   148 ;;
   149 ;; *************** function _main *****************
   150 ;; Defined at:
   151 ;;		line 22 in file "main.c"
   152 ;; Parameters:    Size  Location     Type
   153 ;;		None
   154 ;; Auto vars:     Size  Location     Type
   155 ;;		None
   156 ;; Return value:  Size  Location     Type
   157 ;;                  1    wreg      void 
   158 ;; Registers used:
   159 ;;		wreg, status,2, status,0, pclath, cstack
   160 ;; Tracked objects:
   161 ;;		On entry : B00/0
   162 ;;		On exit  : 0/0
   163 ;;		Unchanged: 0/0
   164 ;; Data sizes:     COMMON   BANK0   BANK1   BANK2
   165 ;;      Params:         0       0       0       0
   166 ;;      Locals:         0       0       0       0
   167 ;;      Temps:          3       0       0       0
   168 ;;      Totals:         3       0       0       0
   169 ;;Total ram usage:        3 bytes
   170 ;; Hardware stack levels required when called: 1
   171 ;; This function calls:
   172 ;;		_configuracao
   173 ;; This function is called by:
   174 ;;		Startup code after reset
   175 ;; This function uses a non-reentrant model
   176 ;;
   177                           
   178     0795                     _main:	
   179                           ;psect for function _main
   180                           
   181     0795                     l562:	
   182                           ;incstack = 0
   183                           ; Regs used in _main: [wreg+status,2+status,0+pclath+cstack]
   184                           
   185                           
   186                           ;main.c: 24:     configuracao();
   187     0795  2791               	fcall	_configuracao
   188     0796                     l564:
   189                           
   190                           ;main.c: 27:     {;main.c: 28:         PORTB = 0x21;
   191     0796  3021               	movlw	33
   192     0797  1283               	bcf	3,5	;RP0=0, select bank0
   193     0798  1303               	bcf	3,6	;RP1=0, select bank0
   194     0799  0086               	movwf	6	;volatile
   195     079A                     l566:
   196                           
   197                           ;main.c: 29:         _delay((unsigned long)((500)*(4000000/4000.0)));
   198     079A  3003               	movlw	3
   199     079B  00F2               	movwf	??_main+2
   200     079C  308A               	movlw	138
   201     079D  00F1               	movwf	??_main+1
   202     079E  3055               	movlw	85
   203     079F  00F0               	movwf	??_main
   204     07A0                     u17:
   205     07A0  0BF0               	decfsz	??_main,f
   206     07A1  2FA0               	goto	u17
   207     07A2  0BF1               	decfsz	??_main+1,f
   208     07A3  2FA0               	goto	u17
   209     07A4  0BF2               	decfsz	??_main+2,f
   210     07A5  2FA0               	goto	u17
   211     07A6  2FA7               	nop2
   212     07A7                     l568:
   213                           
   214                           ;main.c: 30:         PORTB = 0x81;
   215     07A7  3081               	movlw	129
   216     07A8  1283               	bcf	3,5	;RP0=0, select bank0
   217     07A9  1303               	bcf	3,6	;RP1=0, select bank0
   218     07AA  0086               	movwf	6	;volatile
   219     07AB                     l570:
   220                           
   221                           ;main.c: 31:         _delay((unsigned long)((1500)*(4000000/4000.0)));
   222     07AB  3008               	movlw	8
   223     07AC  00F2               	movwf	??_main+2
   224     07AD  309D               	movlw	157
   225     07AE  00F1               	movwf	??_main+1
   226     07AF  3005               	movlw	5
   227     07B0  00F0               	movwf	??_main
   228     07B1                     u27:
   229     07B1  0BF0               	decfsz	??_main,f
   230     07B2  2FB1               	goto	u27
   231     07B3  0BF1               	decfsz	??_main+1,f
   232     07B4  2FB1               	goto	u27
   233     07B5  0BF2               	decfsz	??_main+2,f
   234     07B6  2FB1               	goto	u27
   235     07B7  2FB8               	nop2
   236     07B8                     l572:
   237                           
   238                           ;main.c: 32:         PORTB = 0x41;
   239     07B8  3041               	movlw	65
   240     07B9  1283               	bcf	3,5	;RP0=0, select bank0
   241     07BA  1303               	bcf	3,6	;RP1=0, select bank0
   242     07BB  0086               	movwf	6	;volatile
   243     07BC                     l574:
   244                           
   245                           ;main.c: 33:         _delay((unsigned long)((500)*(4000000/4000.0)));
   246     07BC  3003               	movlw	3
   247     07BD  00F2               	movwf	??_main+2
   248     07BE  308A               	movlw	138
   249     07BF  00F1               	movwf	??_main+1
   250     07C0  3055               	movlw	85
   251     07C1  00F0               	movwf	??_main
   252     07C2                     u37:
   253     07C2  0BF0               	decfsz	??_main,f
   254     07C3  2FC2               	goto	u37
   255     07C4  0BF1               	decfsz	??_main+1,f
   256     07C5  2FC2               	goto	u37
   257     07C6  0BF2               	decfsz	??_main+2,f
   258     07C7  2FC2               	goto	u37
   259     07C8  2FC9               	nop2
   260     07C9                     l576:
   261                           
   262                           ;main.c: 34:         PORTB = 0x21;
   263     07C9  3021               	movlw	33
   264     07CA  1283               	bcf	3,5	;RP0=0, select bank0
   265     07CB  1303               	bcf	3,6	;RP1=0, select bank0
   266     07CC  0086               	movwf	6	;volatile
   267     07CD                     l578:
   268                           
   269                           ;main.c: 35:         _delay((unsigned long)((500)*(4000000/4000.0)));
   270     07CD  3003               	movlw	3
   271     07CE  00F2               	movwf	??_main+2
   272     07CF  308A               	movlw	138
   273     07D0  00F1               	movwf	??_main+1
   274     07D1  3055               	movlw	85
   275     07D2  00F0               	movwf	??_main
   276     07D3                     u47:
   277     07D3  0BF0               	decfsz	??_main,f
   278     07D4  2FD3               	goto	u47
   279     07D5  0BF1               	decfsz	??_main+1,f
   280     07D6  2FD3               	goto	u47
   281     07D7  0BF2               	decfsz	??_main+2,f
   282     07D8  2FD3               	goto	u47
   283     07D9  2FDA               	nop2
   284     07DA                     l580:
   285                           
   286                           ;main.c: 36:         PORTB = 0x24;
   287     07DA  3024               	movlw	36
   288     07DB  1283               	bcf	3,5	;RP0=0, select bank0
   289     07DC  1303               	bcf	3,6	;RP1=0, select bank0
   290     07DD  0086               	movwf	6	;volatile
   291     07DE                     l582:
   292                           
   293                           ;main.c: 37:         _delay((unsigned long)((2500)*(4000000/4000.0)));
   294     07DE  300D               	movlw	13
   295     07DF  00F2               	movwf	??_main+2
   296     07E0  30AF               	movlw	175
   297     07E1  00F1               	movwf	??_main+1
   298     07E2  30B6               	movlw	182
   299     07E3  00F0               	movwf	??_main
   300     07E4                     u57:
   301     07E4  0BF0               	decfsz	??_main,f
   302     07E5  2FE4               	goto	u57
   303     07E6  0BF1               	decfsz	??_main+1,f
   304     07E7  2FE4               	goto	u57
   305     07E8  0BF2               	decfsz	??_main+2,f
   306     07E9  2FE4               	goto	u57
   307     07EA  0000               	nop
   308     07EB                     l584:
   309                           
   310                           ;main.c: 38:         PORTB = 0x22;
   311     07EB  3022               	movlw	34
   312     07EC  1283               	bcf	3,5	;RP0=0, select bank0
   313     07ED  1303               	bcf	3,6	;RP1=0, select bank0
   314     07EE  0086               	movwf	6	;volatile
   315     07EF                     l586:
   316                           
   317                           ;main.c: 39:         _delay((unsigned long)((500)*(4000000/4000.0)));
   318     07EF  3003               	movlw	3
   319     07F0  00F2               	movwf	??_main+2
   320     07F1  308A               	movlw	138
   321     07F2  00F1               	movwf	??_main+1
   322     07F3  3055               	movlw	85
   323     07F4  00F0               	movwf	??_main
   324     07F5                     u67:
   325     07F5  0BF0               	decfsz	??_main,f
   326     07F6  2FF5               	goto	u67
   327     07F7  0BF1               	decfsz	??_main+1,f
   328     07F8  2FF5               	goto	u67
   329     07F9  0BF2               	decfsz	??_main+2,f
   330     07FA  2FF5               	goto	u67
   331     07FB  2FFC               	nop2
   332                           
   333                           ;main.c: 41:     }
   334     07FC  2F96               	goto	l564
   335     07FD  2800               	ljmp	start
   336     07FE                     __end_of_main:
   337                           
   338                           	psect	text1
   339     0791                     __ptext1:	
   340 ;; *************** function _configuracao *****************
   341 ;; Defined at:
   342 ;;		line 17 in file "main.c"
   343 ;; Parameters:    Size  Location     Type
   344 ;;		None
   345 ;; Auto vars:     Size  Location     Type
   346 ;;		None
   347 ;; Return value:  Size  Location     Type
   348 ;;                  1    wreg      void 
   349 ;; Registers used:
   350 ;;		status,2
   351 ;; Tracked objects:
   352 ;;		On entry : 0/0
   353 ;;		On exit  : 0/0
   354 ;;		Unchanged: 0/0
   355 ;; Data sizes:     COMMON   BANK0   BANK1   BANK2
   356 ;;      Params:         0       0       0       0
   357 ;;      Locals:         0       0       0       0
   358 ;;      Temps:          0       0       0       0
   359 ;;      Totals:         0       0       0       0
   360 ;;Total ram usage:        0 bytes
   361 ;; Hardware stack levels used: 1
   362 ;; This function calls:
   363 ;;		Nothing
   364 ;; This function is called by:
   365 ;;		_main
   366 ;; This function uses a non-reentrant model
   367 ;;
   368                           
   369     0791                     _configuracao:	
   370                           ;psect for function _configuracao
   371                           
   372     0791                     l560:	
   373                           ;incstack = 0
   374                           ; Regs used in _configuracao: [status,2]
   375                           
   376                           
   377                           ;main.c: 19:     TRISB = 0x00;
   378     0791  1683               	bsf	3,5	;RP0=1, select bank1
   379     0792  1303               	bcf	3,6	;RP1=0, select bank1
   380     0793  0186               	clrf	6	;volatile
   381     0794                     l9:
   382     0794  0008               	return
   383     0795                     __end_of_configuracao:
   384     0000                     ___latbits      equ	0
   385     007E                     btemp           set	126	;btemp
   386     007E                     btemp0          set	126
   387     007F                     btemp1          set	127
   388     007E                     wtemp0          set	126
   389     007F                     wtemp0a         set	127
   390     007F                     ttemp0a         set	127
   391     0080                     ltemp0a         set	128
   392                           
   393                           	psect	config
   394                           
   395                           ;Config register CONFIG @ 0x2007
   396                           ;	Oscillator Selection bits
   397                           ;	FOSC = HS, HS oscillator: High-speed crystal/resonator on RA6/OSC2/CLKOUT and RA7/OSC1
      +                          /CLKIN
   398                           ;	Watchdog Timer Enable bit
   399                           ;	WDTE = OFF, WDT disabled
   400                           ;	Power-up Timer Enable bit
   401                           ;	PWRTE = OFF, PWRT disabled
   402                           ;	RA5/MCLR/VPP Pin Function Select bit
   403                           ;	MCLRE = ON, RA5/MCLR/VPP pin function is MCLR
   404                           ;	Brown-out Detect Enable bit
   405                           ;	BOREN = OFF, BOD disabled
   406                           ;	Low-Voltage Programming Enable bit
   407                           ;	LVP = OFF, RB4/PGM pin has digital I/O function, HV on MCLR must be used for programmi
      +                          ng
   408                           ;	Data EE Memory Code Protection bit
   409                           ;	CPD = OFF, Data memory code protection off
   410                           ;	Flash Program Memory Code Protection bit
   411                           ;	CP = OFF, Code protection off
   412     2007                     	org	8199
   413     2007  3F2A               	dw	16170

Data Sizes:
    Strings     0
    Constant    0
    Data        0
    BSS         0
    Persistent  0
    Stack       0

Auto Spaces:
    Space          Size  Autos    Used
    COMMON           14      3       3
    BANK0            80      0       0
    BANK1            80      0       0
    BANK2            48      0       0

Pointer List with Targets:

    None.

Critical Paths under _main in COMMON

    None.

Critical Paths under _main in BANK0

    None.

Critical Paths under _main in BANK1

    None.

Critical Paths under _main in BANK2

    None.

Call Graph Tables:

 ---------------------------------------------------------------------------------
 (Depth) Function   	        Calls       Base Space   Used Autos Params    Refs
 ---------------------------------------------------------------------------------
 (0) _main                                                 3     3      0       0
                                              0 COMMON     3     3      0
                       _configuracao
 ---------------------------------------------------------------------------------
 (1) _configuracao                                         0     0      0       0
 ---------------------------------------------------------------------------------
 Estimated maximum stack depth 1
 ---------------------------------------------------------------------------------

 Call Graph Graphs:

 _main (ROOT)
   _configuracao

Address spaces:
Name               Size   Autos  Total    Usage
BITCOMMON           14      0       0      0.0%
BITBANK0            80      0       0      0.0%
BITBANK1            80      0       0      0.0%
BITBANK2            48      0       0      0.0%
COMMON              14      3       3     21.4%
BANK0               80      0       0      0.0%
BANK1               80      0       0      0.0%
BANK2               48      0       0      0.0%
STACK                0      0       0      0.0%
DATA                 0      0       3      0.0%


Microchip Technology PIC Macro Assembler V3.10 build 20250813170317 
Symbol Table                                                                                   Mon Sep 14 21:04:36 2026

                      l9 0794            ?_configuracao 0070                       u17 07A0  
                     u27 07B1                       u37 07C2                       u47 07D3  
                     u57 07E4                       u67 07F5                      l560 0791  
                    l570 07AB                      l562 0795                      l580 07DA  
                    l572 07B8                      l564 0796                      l582 07DE  
                    l574 07BC                      l566 079A                      l584 07EB  
                    l576 07C9                      l568 07A7                      l586 07EF  
                    l578 07CD                     _main 0795                     btemp 007E  
                   start 0000           ??_configuracao 0070                    ?_main 0070  
                  _PORTB 0006                    _TRISB 0086                    btemp0 007E  
                  btemp1 007F                    status 0003                    wtemp0 007E  
        __initialization 07FE             __end_of_main 07FE                   ??_main 0070  
                 ltemp0a 0080                   ttemp0a 007F     __end_of_configuracao 0795  
                 wtemp0a 007F  __end_of__initialization 07FE           __pcstackCOMMON 0070  
             __pmaintext 0795                  __ptext1 0791     end_of_initialization 07FE  
           _configuracao 0791      start_initialization 07FE                ___latbits 0000  
