

Microchip MPLAB XC8 Assembler V3.10 build 20250813170317 
                                                                                               Mon Aug 31 21:40:11 2026

Microchip MPLAB XC8 C Compiler v3.10 (Free license) build 20250813170317 Og1 
     1                           	processor	16F628A
     2                           	pagewidth 120
     3                           	opt	flic
     4                           	psect	cinit,global,class=CODE,space=0,merge=1,delta=2
     5                           	psect	cstackCOMMON,global,class=COMMON,space=1,delta=1,noexec
     6                           	psect	maintext,global,class=CODE,space=0,split=1,delta=2
     7                           	psect	text1,local,class=CODE,space=0,merge=1,delta=2
     8                           	psect	config,global,abs,ovrld,class=CONFIG,space=4,delta=2,noexec
     9                           	dabs	1,0x7E,2
    10     0000                     
    11                           ; Generated 22/04/2026 GMT
    12                           ; 
    13                           ; Copyright (c) 2026 Microchip Technology Inc. and its subsidiaries.
    14                           ; 
    15                           ; Licensed under the Apache License, Version 2.0 (the "License");
    16                           ; you may not use this file except in compliance with the License.
    17                           ; You may obtain a copy of the License at
    18                           ; 
    19                           ;   http://www.apache.org/licenses/LICENSE-2.0
    20                           ; 
    21                           ; Unless required by applicable law or agreed to in writing, software
    22                           ; distributed under the License is distributed on an "AS IS" BASIS,
    23                           ; WITHOUT WARRANTIES OR CONDITIONS OF ANY KIND, either express or implied.
    24                           ; See the License for the specific language governing permissions and
    25                           ; limitations under the License.
    26                           ; 
    27                           ; 
    28                           ; Code-generator required, PIC16F628A Definitions
    29                           ; 
    30                           ; SFR Addresses
    31     0004                     fsr             equ	4
    32     0004                     fsr0            equ	4
    33     0000                     indf            equ	0
    34     0000                     indf0           equ	0
    35     0002                     pc              equ	2
    36     0002                     pcl             equ	2
    37     000A                     pclath          equ	10
    38     0003                     status          equ	3
    39     0000                     INDF            equ	0	;# 
    40     0001                     TMR0            equ	1	;# 
    41     0002                     PCL             equ	2	;# 
    42     0003                     STATUS          equ	3	;# 
    43     0004                     FSR             equ	4	;# 
    44     0005                     PORTA           equ	5	;# 
    45     0006                     PORTB           equ	6	;# 
    46     000A                     PCLATH          equ	10	;# 
    47     000B                     INTCON          equ	11	;# 
    48     000C                     PIR1            equ	12	;# 
    49     000E                     TMR1            equ	14	;# 
    50     000E                     TMR1L           equ	14	;# 
    51     000F                     TMR1H           equ	15	;# 
    52     0010                     T1CON           equ	16	;# 
    53     0011                     TMR2            equ	17	;# 
    54     0012                     T2CON           equ	18	;# 
    55     0015                     CCPR1           equ	21	;# 
    56     0015                     CCPR1L          equ	21	;# 
    57     0016                     CCPR1H          equ	22	;# 
    58     0017                     CCP1CON         equ	23	;# 
    59     0018                     RCSTA           equ	24	;# 
    60     0019                     TXREG           equ	25	;# 
    61     001A                     RCREG           equ	26	;# 
    62     001F                     CMCON           equ	31	;# 
    63     0081                     OPTION_REG      equ	129	;# 
    64     0085                     TRISA           equ	133	;# 
    65     0086                     TRISB           equ	134	;# 
    66     008C                     PIE1            equ	140	;# 
    67     008E                     PCON            equ	142	;# 
    68     0092                     PR2             equ	146	;# 
    69     0098                     TXSTA           equ	152	;# 
    70     0099                     SPBRG           equ	153	;# 
    71     009A                     EEDATA          equ	154	;# 
    72     009B                     EEADR           equ	155	;# 
    73     009C                     EECON1          equ	156	;# 
    74     009D                     EECON2          equ	157	;# 
    75     009F                     VRCON           equ	159	;# 
    76     0000                     INDF            equ	0	;# 
    77     0001                     TMR0            equ	1	;# 
    78     0002                     PCL             equ	2	;# 
    79     0003                     STATUS          equ	3	;# 
    80     0004                     FSR             equ	4	;# 
    81     0005                     PORTA           equ	5	;# 
    82     0006                     PORTB           equ	6	;# 
    83     000A                     PCLATH          equ	10	;# 
    84     000B                     INTCON          equ	11	;# 
    85     000C                     PIR1            equ	12	;# 
    86     000E                     TMR1            equ	14	;# 
    87     000E                     TMR1L           equ	14	;# 
    88     000F                     TMR1H           equ	15	;# 
    89     0010                     T1CON           equ	16	;# 
    90     0011                     TMR2            equ	17	;# 
    91     0012                     T2CON           equ	18	;# 
    92     0015                     CCPR1           equ	21	;# 
    93     0015                     CCPR1L          equ	21	;# 
    94     0016                     CCPR1H          equ	22	;# 
    95     0017                     CCP1CON         equ	23	;# 
    96     0018                     RCSTA           equ	24	;# 
    97     0019                     TXREG           equ	25	;# 
    98     001A                     RCREG           equ	26	;# 
    99     001F                     CMCON           equ	31	;# 
   100     0081                     OPTION_REG      equ	129	;# 
   101     0085                     TRISA           equ	133	;# 
   102     0086                     TRISB           equ	134	;# 
   103     008C                     PIE1            equ	140	;# 
   104     008E                     PCON            equ	142	;# 
   105     0092                     PR2             equ	146	;# 
   106     0098                     TXSTA           equ	152	;# 
   107     0099                     SPBRG           equ	153	;# 
   108     009A                     EEDATA          equ	154	;# 
   109     009B                     EEADR           equ	155	;# 
   110     009C                     EECON1          equ	156	;# 
   111     009D                     EECON2          equ	157	;# 
   112     009F                     VRCON           equ	159	;# 
   113     0006                     _PORTB          set	6
   114     0086                     _TRISB          set	134
   115                           
   116                           	psect	cinit
   117     07FE                     start_initialization:	
   118                           ; #config settings
   119                           
   120     07FE                     __initialization:
   121     07FE                     end_of_initialization:	
   122                           ;End of C runtime variable initialization code
   123                           
   124     07FE                     __end_of__initialization:
   125     07FE  0183               	clrf	3
   126     07FF  2FD9               	ljmp	_main	;jump to C main() function
   127                           
   128                           	psect	cstackCOMMON
   129     0070                     __pcstackCOMMON:
   130     0070                     ?_configuracao:
   131     0070                     ?_main:	
   132                           ; 1 bytes @ 0x0
   133                           
   134     0070                     ??_configuracao:	
   135                           ; 1 bytes @ 0x0
   136                           
   137     0070                     ??_main:	
   138                           ; 1 bytes @ 0x0
   139                           
   140                           
   141                           ; 1 bytes @ 0x0
   142     0070                     	ds	3
   143                           
   144                           	psect	maintext
   145     07D9                     __pmaintext:	
   146 ;;
   147 ;;Main: autosize = 0, tempsize = 3, incstack = 0, save=0
   148 ;;
   149 ;; *************** function _main *****************
   150 ;; Defined at:
   151 ;;		line 19 in file "led.c"
   152 ;; Parameters:    Size  Location     Type
   153 ;;		None
   154 ;; Auto vars:     Size  Location     Type
   155 ;;		None
   156 ;; Return value:  Size  Location     Type
   157 ;;                  1    wreg      void 
   158 ;; Registers used:
   159 ;;		wreg, status,2, status,0, pclath, cstack
   160 ;; Tracked objects:
   161 ;;		On entry : B00/0
   162 ;;		On exit  : 0/0
   163 ;;		Unchanged: 0/0
   164 ;; Data sizes:     COMMON   BANK0   BANK1   BANK2
   165 ;;      Params:         0       0       0       0
   166 ;;      Locals:         0       0       0       0
   167 ;;      Temps:          3       0       0       0
   168 ;;      Totals:         3       0       0       0
   169 ;;Total ram usage:        3 bytes
   170 ;; Hardware stack levels required when called: 1
   171 ;; This function calls:
   172 ;;		_configuracao
   173 ;; This function is called by:
   174 ;;		Startup code after reset
   175 ;; This function uses a non-reentrant model
   176 ;;
   177                           
   178     07D9                     _main:	
   179                           ;psect for function _main
   180                           
   181     07D9                     l562:	
   182                           ;incstack = 0
   183                           ; Regs used in _main: [wreg+status,2+status,0+pclath+cstack]
   184                           
   185                           
   186                           ;led.c: 21:     configuracao();
   187     07D9  27D5               	fcall	_configuracao
   188     07DA                     l564:
   189                           
   190                           ;led.c: 24:     {;led.c: 25:         PORTB = 0xAA;
   191     07DA  30AA               	movlw	170
   192     07DB  1283               	bcf	3,5	;RP0=0, select bank0
   193     07DC  1303               	bcf	3,6	;RP1=0, select bank0
   194     07DD  0086               	movwf	6	;volatile
   195     07DE                     l566:
   196                           
   197                           ;led.c: 26:         _delay((unsigned long)((500)*(4000000/4000.0)));
   198     07DE  3003               	movlw	3
   199     07DF  00F2               	movwf	??_main+2
   200     07E0  308A               	movlw	138
   201     07E1  00F1               	movwf	??_main+1
   202     07E2  3055               	movlw	85
   203     07E3  00F0               	movwf	??_main
   204     07E4                     u17:
   205     07E4  0BF0               	decfsz	??_main,f
   206     07E5  2FE4               	goto	u17
   207     07E6  0BF1               	decfsz	??_main+1,f
   208     07E7  2FE4               	goto	u17
   209     07E8  0BF2               	decfsz	??_main+2,f
   210     07E9  2FE4               	goto	u17
   211     07EA  2FEB               	nop2
   212     07EB                     l568:
   213                           
   214                           ;led.c: 27:         PORTB = 0x55;
   215     07EB  3055               	movlw	85
   216     07EC  1283               	bcf	3,5	;RP0=0, select bank0
   217     07ED  1303               	bcf	3,6	;RP1=0, select bank0
   218     07EE  0086               	movwf	6	;volatile
   219     07EF                     l570:
   220                           
   221                           ;led.c: 28:         _delay((unsigned long)((500)*(4000000/4000.0)));
   222     07EF  3003               	movlw	3
   223     07F0  00F2               	movwf	??_main+2
   224     07F1  308A               	movlw	138
   225     07F2  00F1               	movwf	??_main+1
   226     07F3  3055               	movlw	85
   227     07F4  00F0               	movwf	??_main
   228     07F5                     u27:
   229     07F5  0BF0               	decfsz	??_main,f
   230     07F6  2FF5               	goto	u27
   231     07F7  0BF1               	decfsz	??_main+1,f
   232     07F8  2FF5               	goto	u27
   233     07F9  0BF2               	decfsz	??_main+2,f
   234     07FA  2FF5               	goto	u27
   235     07FB  2FFC               	nop2
   236                           
   237                           ;led.c: 29:     }
   238     07FC  2FDA               	goto	l564
   239     07FD  2800               	ljmp	start
   240     07FE                     __end_of_main:
   241                           
   242                           	psect	text1
   243     07D5                     __ptext1:	
   244 ;; *************** function _configuracao *****************
   245 ;; Defined at:
   246 ;;		line 14 in file "led.c"
   247 ;; Parameters:    Size  Location     Type
   248 ;;		None
   249 ;; Auto vars:     Size  Location     Type
   250 ;;		None
   251 ;; Return value:  Size  Location     Type
   252 ;;                  1    wreg      void 
   253 ;; Registers used:
   254 ;;		status,2
   255 ;; Tracked objects:
   256 ;;		On entry : 0/0
   257 ;;		On exit  : 0/0
   258 ;;		Unchanged: 0/0
   259 ;; Data sizes:     COMMON   BANK0   BANK1   BANK2
   260 ;;      Params:         0       0       0       0
   261 ;;      Locals:         0       0       0       0
   262 ;;      Temps:          0       0       0       0
   263 ;;      Totals:         0       0       0       0
   264 ;;Total ram usage:        0 bytes
   265 ;; Hardware stack levels used: 1
   266 ;; This function calls:
   267 ;;		Nothing
   268 ;; This function is called by:
   269 ;;		_main
   270 ;; This function uses a non-reentrant model
   271 ;;
   272                           
   273     07D5                     _configuracao:	
   274                           ;psect for function _configuracao
   275                           
   276     07D5                     l560:	
   277                           ;incstack = 0
   278                           ; Regs used in _configuracao: [status,2]
   279                           
   280                           
   281                           ;led.c: 16:     TRISB = 0x00;
   282     07D5  1683               	bsf	3,5	;RP0=1, select bank1
   283     07D6  1303               	bcf	3,6	;RP1=0, select bank1
   284     07D7  0186               	clrf	6	;volatile
   285     07D8                     l9:
   286     07D8  0008               	return
   287     07D9                     __end_of_configuracao:
   288     0000                     ___latbits      equ	0
   289     007E                     btemp           set	126	;btemp
   290     007E                     btemp0          set	126
   291     007F                     btemp1          set	127
   292     007E                     wtemp0          set	126
   293     007F                     wtemp0a         set	127
   294     007F                     ttemp0a         set	127
   295     0080                     ltemp0a         set	128
   296                           
   297                           	psect	config
   298                           
   299                           ;Config register CONFIG @ 0x2007
   300                           ;	Oscillator Selection bits
   301                           ;	FOSC = HS, HS oscillator: High-speed crystal/resonator on RA6/OSC2/CLKOUT and RA7/OSC1
      +                          /CLKIN
   302                           ;	Watchdog Timer Enable bit
   303                           ;	WDTE = OFF, WDT disabled
   304                           ;	Power-up Timer Enable bit
   305                           ;	PWRTE = OFF, PWRT disabled
   306                           ;	RA5/MCLR/VPP Pin Function Select bit
   307                           ;	MCLRE = ON, RA5/MCLR/VPP pin function is MCLR
   308                           ;	Brown-out Detect Enable bit
   309                           ;	BOREN = OFF, BOD disabled
   310                           ;	Low-Voltage Programming Enable bit
   311                           ;	LVP = OFF, RB4/PGM pin has digital I/O function, HV on MCLR must be used for programmi
      +                          ng
   312                           ;	Data EE Memory Code Protection bit
   313                           ;	CPD = OFF, Data memory code protection off
   314                           ;	Flash Program Memory Code Protection bit
   315                           ;	CP = OFF, Code protection off
   316     2007                     	org	8199
   317     2007  3F2A               	dw	16170

Data Sizes:
    Strings     0
    Constant    0
    Data        0
    BSS         0
    Persistent  0
    Stack       0

Auto Spaces:
    Space          Size  Autos    Used
    COMMON           14      3       3
    BANK0            80      0       0
    BANK1            80      0       0
    BANK2            48      0       0

Pointer List with Targets:

    None.

Critical Paths under _main in COMMON

    None.

Critical Paths under _main in BANK0

    None.

Critical Paths under _main in BANK1

    None.

Critical Paths under _main in BANK2

    None.

Call Graph Tables:

 ---------------------------------------------------------------------------------
 (Depth) Function   	        Calls       Base Space   Used Autos Params    Refs
 ---------------------------------------------------------------------------------
 (0) _main                                                 3     3      0       0
                                              0 COMMON     3     3      0
                       _configuracao
 ---------------------------------------------------------------------------------
 (1) _configuracao                                         0     0      0       0
 ---------------------------------------------------------------------------------
 Estimated maximum stack depth 1
 ---------------------------------------------------------------------------------

 Call Graph Graphs:

 _main (ROOT)
   _configuracao

Address spaces:
Name               Size   Autos  Total    Usage
BITCOMMON           14      0       0      0.0%
BITBANK0            80      0       0      0.0%
BITBANK1            80      0       0      0.0%
BITBANK2            48      0       0      0.0%
COMMON              14      3       3     21.4%
BANK0               80      0       0      0.0%
BANK1               80      0       0      0.0%
BANK2               48      0       0      0.0%
STACK                0      0       0      0.0%
DATA                 0      0       3      0.0%


Microchip Technology PIC Macro Assembler V3.10 build 20250813170317 
Symbol Table                                                                                   Mon Aug 31 21:40:11 2026

                      l9 07D8            ?_configuracao 0070                       u17 07E4  
                     u27 07F5                      l560 07D5                      l570 07EF  
                    l562 07D9                      l564 07DA                      l566 07DE  
                    l568 07EB                     _main 07D9                     btemp 007E  
                   start 0000           ??_configuracao 0070                    ?_main 0070  
                  _PORTB 0006                    _TRISB 0086                    btemp0 007E  
                  btemp1 007F                    status 0003                    wtemp0 007E  
        __initialization 07FE             __end_of_main 07FE                   ??_main 0070  
                 ltemp0a 0080                   ttemp0a 007F     __end_of_configuracao 07D9  
                 wtemp0a 007F  __end_of__initialization 07FE           __pcstackCOMMON 0070  
             __pmaintext 07D9                  __ptext1 07D5     end_of_initialization 07FE  
           _configuracao 07D5      start_initialization 07FE                ___latbits 0000  
