

Microchip MPLAB XC8 Assembler V3.10 build 20250813170317 
                                                                                               Mon Sep 14 21:19:43 2026

Microchip MPLAB XC8 C Compiler v3.10 (Free license) build 20250813170317 Og1 
     1                           	processor	16F628A
     2                           	pagewidth 120
     3                           	opt	flic
     4                           	psect	cinit,global,class=CODE,space=0,merge=1,delta=2
     5                           	psect	cstackCOMMON,global,class=COMMON,space=1,delta=1,noexec
     6                           	psect	maintext,global,class=CODE,space=0,split=1,delta=2
     7                           	psect	text1,local,class=CODE,space=0,merge=1,delta=2
     8                           	psect	config,global,abs,ovrld,class=CONFIG,space=4,delta=2,noexec
     9                           	dabs	1,0x7E,2
    10     0000                     
    11                           ; Generated 22/04/2026 GMT
    12                           ; 
    13                           ; Copyright (c) 2026 Microchip Technology Inc. and its subsidiaries.
    14                           ; 
    15                           ; Licensed under the Apache License, Version 2.0 (the "License");
    16                           ; you may not use this file except in compliance with the License.
    17                           ; You may obtain a copy of the License at
    18                           ; 
    19                           ;   http://www.apache.org/licenses/LICENSE-2.0
    20                           ; 
    21                           ; Unless required by applicable law or agreed to in writing, software
    22                           ; distributed under the License is distributed on an "AS IS" BASIS,
    23                           ; WITHOUT WARRANTIES OR CONDITIONS OF ANY KIND, either express or implied.
    24                           ; See the License for the specific language governing permissions and
    25                           ; limitations under the License.
    26                           ; 
    27                           ; 
    28                           ; Code-generator required, PIC16F628A Definitions
    29                           ; 
    30                           ; SFR Addresses
    31     0004                     fsr             equ	4
    32     0004                     fsr0            equ	4
    33     0000                     indf            equ	0
    34     0000                     indf0           equ	0
    35     0002                     pc              equ	2
    36     0002                     pcl             equ	2
    37     000A                     pclath          equ	10
    38     0003                     status          equ	3
    39     0000                     INDF            equ	0	;# 
    40     0001                     TMR0            equ	1	;# 
    41     0002                     PCL             equ	2	;# 
    42     0003                     STATUS          equ	3	;# 
    43     0004                     FSR             equ	4	;# 
    44     0005                     PORTA           equ	5	;# 
    45     0006                     PORTB           equ	6	;# 
    46     000A                     PCLATH          equ	10	;# 
    47     000B                     INTCON          equ	11	;# 
    48     000C                     PIR1            equ	12	;# 
    49     000E                     TMR1            equ	14	;# 
    50     000E                     TMR1L           equ	14	;# 
    51     000F                     TMR1H           equ	15	;# 
    52     0010                     T1CON           equ	16	;# 
    53     0011                     TMR2            equ	17	;# 
    54     0012                     T2CON           equ	18	;# 
    55     0015                     CCPR1           equ	21	;# 
    56     0015                     CCPR1L          equ	21	;# 
    57     0016                     CCPR1H          equ	22	;# 
    58     0017                     CCP1CON         equ	23	;# 
    59     0018                     RCSTA           equ	24	;# 
    60     0019                     TXREG           equ	25	;# 
    61     001A                     RCREG           equ	26	;# 
    62     001F                     CMCON           equ	31	;# 
    63     0081                     OPTION_REG      equ	129	;# 
    64     0085                     TRISA           equ	133	;# 
    65     0086                     TRISB           equ	134	;# 
    66     008C                     PIE1            equ	140	;# 
    67     008E                     PCON            equ	142	;# 
    68     0092                     PR2             equ	146	;# 
    69     0098                     TXSTA           equ	152	;# 
    70     0099                     SPBRG           equ	153	;# 
    71     009A                     EEDATA          equ	154	;# 
    72     009B                     EEADR           equ	155	;# 
    73     009C                     EECON1          equ	156	;# 
    74     009D                     EECON2          equ	157	;# 
    75     009F                     VRCON           equ	159	;# 
    76     0000                     INDF            equ	0	;# 
    77     0001                     TMR0            equ	1	;# 
    78     0002                     PCL             equ	2	;# 
    79     0003                     STATUS          equ	3	;# 
    80     0004                     FSR             equ	4	;# 
    81     0005                     PORTA           equ	5	;# 
    82     0006                     PORTB           equ	6	;# 
    83     000A                     PCLATH          equ	10	;# 
    84     000B                     INTCON          equ	11	;# 
    85     000C                     PIR1            equ	12	;# 
    86     000E                     TMR1            equ	14	;# 
    87     000E                     TMR1L           equ	14	;# 
    88     000F                     TMR1H           equ	15	;# 
    89     0010                     T1CON           equ	16	;# 
    90     0011                     TMR2            equ	17	;# 
    91     0012                     T2CON           equ	18	;# 
    92     0015                     CCPR1           equ	21	;# 
    93     0015                     CCPR1L          equ	21	;# 
    94     0016                     CCPR1H          equ	22	;# 
    95     0017                     CCP1CON         equ	23	;# 
    96     0018                     RCSTA           equ	24	;# 
    97     0019                     TXREG           equ	25	;# 
    98     001A                     RCREG           equ	26	;# 
    99     001F                     CMCON           equ	31	;# 
   100     0081                     OPTION_REG      equ	129	;# 
   101     0085                     TRISA           equ	133	;# 
   102     0086                     TRISB           equ	134	;# 
   103     008C                     PIE1            equ	140	;# 
   104     008E                     PCON            equ	142	;# 
   105     0092                     PR2             equ	146	;# 
   106     0098                     TXSTA           equ	152	;# 
   107     0099                     SPBRG           equ	153	;# 
   108     009A                     EEDATA          equ	154	;# 
   109     009B                     EEADR           equ	155	;# 
   110     009C                     EECON1          equ	156	;# 
   111     009D                     EECON2          equ	157	;# 
   112     009F                     VRCON           equ	159	;# 
   113     0006                     _PORTB          set	6
   114     0086                     _TRISB          set	134
   115                           
   116                           	psect	cinit
   117     07FE                     start_initialization:	
   118                           ; #config settings
   119                           
   120     07FE                     __initialization:
   121     07FE                     end_of_initialization:	
   122                           ;End of C runtime variable initialization code
   123                           
   124     07FE                     __end_of__initialization:
   125     07FE  0183               	clrf	3
   126     07FF  2FF7               	ljmp	_main	;jump to C main() function
   127                           
   128                           	psect	cstackCOMMON
   129     0000                     __pcstackCOMMON:
   130     0000                     ?_configuracao:
   131     0000                     ?_main:	
   132                           ; 1 bytes @ 0x0
   133                           
   134     0000                     ??_configuracao:	
   135                           ; 1 bytes @ 0x0
   136                           
   137     0000                     ??_main:	
   138                           ; 1 bytes @ 0x0
   139                           
   140                           
   141                           	psect	maintext
   142     07F7                     __pmaintext:	
   143                           ; 1 bytes @ 0x0
   144 ;;
   145 ;;Main: autosize = 0, tempsize = 0, incstack = 0, save=0
   146 ;;
   147 ;; *************** function _main *****************
   148 ;; Defined at:
   149 ;;		line 22 in file "main.c"
   150 ;; Parameters:    Size  Location     Type
   151 ;;		None
   152 ;; Auto vars:     Size  Location     Type
   153 ;;		None
   154 ;; Return value:  Size  Location     Type
   155 ;;                  1    wreg      void 
   156 ;; Registers used:
   157 ;;		status,2, status,0, pclath, cstack
   158 ;; Tracked objects:
   159 ;;		On entry : B00/0
   160 ;;		On exit  : 0/0
   161 ;;		Unchanged: 0/0
   162 ;; Data sizes:     COMMON   BANK0   BANK1   BANK2
   163 ;;      Params:         0       0       0       0
   164 ;;      Locals:         0       0       0       0
   165 ;;      Temps:          0       0       0       0
   166 ;;      Totals:         0       0       0       0
   167 ;;Total ram usage:        0 bytes
   168 ;; Hardware stack levels required when called: 1
   169 ;; This function calls:
   170 ;;		_configuracao
   171 ;; This function is called by:
   172 ;;		Startup code after reset
   173 ;; This function uses a non-reentrant model
   174 ;;
   175                           
   176     07F7                     _main:	
   177                           ;psect for function _main
   178                           
   179     07F7                     l560:	
   180                           ;incstack = 0
   181                           ; Regs used in _main: [status,2+status,0+pclath+cstack]
   182                           
   183                           
   184                           ;main.c: 24:     configuracao();
   185     07F7  27F3               	fcall	_configuracao
   186     07F8                     l562:
   187                           
   188                           ;main.c: 27:     {;main.c: 28:         PORTB = 0x7D;
   189     07F8  307D               	movlw	125
   190     07F9  1283               	bcf	3,5	;RP0=0, select bank0
   191     07FA  1303               	bcf	3,6	;RP1=0, select bank0
   192     07FB  0086               	movwf	6	;volatile
   193                           
   194                           ;main.c: 29:     }
   195     07FC  2FF8               	goto	l562
   196     07FD  2800               	ljmp	start
   197     07FE                     __end_of_main:
   198                           
   199                           	psect	text1
   200     07F3                     __ptext1:	
   201 ;; *************** function _configuracao *****************
   202 ;; Defined at:
   203 ;;		line 17 in file "main.c"
   204 ;; Parameters:    Size  Location     Type
   205 ;;		None
   206 ;; Auto vars:     Size  Location     Type
   207 ;;		None
   208 ;; Return value:  Size  Location     Type
   209 ;;                  1    wreg      void 
   210 ;; Registers used:
   211 ;;		status,2
   212 ;; Tracked objects:
   213 ;;		On entry : 0/0
   214 ;;		On exit  : 0/0
   215 ;;		Unchanged: 0/0
   216 ;; Data sizes:     COMMON   BANK0   BANK1   BANK2
   217 ;;      Params:         0       0       0       0
   218 ;;      Locals:         0       0       0       0
   219 ;;      Temps:          0       0       0       0
   220 ;;      Totals:         0       0       0       0
   221 ;;Total ram usage:        0 bytes
   222 ;; Hardware stack levels used: 1
   223 ;; This function calls:
   224 ;;		Nothing
   225 ;; This function is called by:
   226 ;;		_main
   227 ;; This function uses a non-reentrant model
   228 ;;
   229                           
   230     07F3                     _configuracao:	
   231                           ;psect for function _configuracao
   232                           
   233     07F3                     l558:	
   234                           ;incstack = 0
   235                           ; Regs used in _configuracao: [status,2]
   236                           
   237                           
   238                           ;main.c: 19:     TRISB = 0x00;
   239     07F3  1683               	bsf	3,5	;RP0=1, select bank1
   240     07F4  1303               	bcf	3,6	;RP1=0, select bank1
   241     07F5  0186               	clrf	6	;volatile
   242     07F6                     l7:
   243     07F6  0008               	return
   244     07F7                     __end_of_configuracao:
   245     0000                     ___latbits      equ	0
   246     007E                     btemp           set	126	;btemp
   247     007E                     btemp0          set	126
   248     007F                     btemp1          set	127
   249     007E                     wtemp0          set	126
   250     007F                     wtemp0a         set	127
   251     007F                     ttemp0a         set	127
   252     0080                     ltemp0a         set	128
   253                           
   254                           	psect	config
   255                           
   256                           ;Config register CONFIG @ 0x2007
   257                           ;	Oscillator Selection bits
   258                           ;	FOSC = HS, HS oscillator: High-speed crystal/resonator on RA6/OSC2/CLKOUT and RA7/OSC1
      +                          /CLKIN
   259                           ;	Watchdog Timer Enable bit
   260                           ;	WDTE = OFF, WDT disabled
   261                           ;	Power-up Timer Enable bit
   262                           ;	PWRTE = OFF, PWRT disabled
   263                           ;	RA5/MCLR/VPP Pin Function Select bit
   264                           ;	MCLRE = ON, RA5/MCLR/VPP pin function is MCLR
   265                           ;	Brown-out Detect Enable bit
   266                           ;	BOREN = OFF, BOD disabled
   267                           ;	Low-Voltage Programming Enable bit
   268                           ;	LVP = OFF, RB4/PGM pin has digital I/O function, HV on MCLR must be used for programmi
      +                          ng
   269                           ;	Data EE Memory Code Protection bit
   270                           ;	CPD = OFF, Data memory code protection off
   271                           ;	Flash Program Memory Code Protection bit
   272                           ;	CP = OFF, Code protection off
   273     2007                     	org	8199
   274     2007  3F2A               	dw	16170

Data Sizes:
    Strings     0
    Constant    0
    Data        0
    BSS         0
    Persistent  0
    Stack       0

Auto Spaces:
    Space          Size  Autos    Used
    COMMON           14      0       0
    BANK0            80      0       0
    BANK1            80      0       0
    BANK2            48      0       0

Pointer List with Targets:

    None.

Critical Paths under _main in COMMON

    None.

Critical Paths under _main in BANK0

    None.

Critical Paths under _main in BANK1

    None.

Critical Paths under _main in BANK2

    None.

Call Graph Tables:

 ---------------------------------------------------------------------------------
 (Depth) Function   	        Calls       Base Space   Used Autos Params    Refs
 ---------------------------------------------------------------------------------
 (0) _main                                                 0     0      0       0
                       _configuracao
 ---------------------------------------------------------------------------------
 (1) _configuracao                                         0     0      0       0
 ---------------------------------------------------------------------------------
 Estimated maximum stack depth 1
 ---------------------------------------------------------------------------------

 Call Graph Graphs:

 _main (ROOT)
   _configuracao

Address spaces:
Name               Size   Autos  Total    Usage
BITCOMMON           14      0       0      0.0%
BITBANK0            80      0       0      0.0%
BITBANK1            80      0       0      0.0%
BITBANK2            48      0       0      0.0%
COMMON              14      0       0      0.0%
BANK0               80      0       0      0.0%
BANK1               80      0       0      0.0%
BANK2               48      0       0      0.0%
STACK                0      0       0      0.0%
DATA                 0      0       0      0.0%


Microchip Technology PIC Macro Assembler V3.10 build 20250813170317 
Symbol Table                                                                                   Mon Sep 14 21:19:43 2026

                      l7 07F6            ?_configuracao 0000                      l560 07F7  
                    l562 07F8                      l558 07F3                     _main 07F7  
                   btemp 007E                     start 0000           ??_configuracao 0000  
                  ?_main 0000                    _PORTB 0006                    _TRISB 0086  
                  btemp0 007E                    btemp1 007F                    status 0003  
                  wtemp0 007E          __initialization 07FE             __end_of_main 07FE  
                 ??_main 0000                   ltemp0a 0080                   ttemp0a 007F  
   __end_of_configuracao 07F7                   wtemp0a 007F  __end_of__initialization 07FE  
         __pcstackCOMMON 0000               __pmaintext 07F7                  __ptext1 07F3  
   end_of_initialization 07FE             _configuracao 07F3      start_initialization 07FE  
              ___latbits 0000  
