

Microchip MPLAB XC8 Assembler V3.10 build 20250813170317 
                                                                                               Mon Sep 28 21:37:08 2026

Microchip MPLAB XC8 C Compiler v3.10 (Free license) build 20250813170317 Og1 
     1                           	processor	16F628A
     2                           	pagewidth 120
     3                           	opt	flic
     4                           	psect	idataBANK0,global,class=CODE,space=0,delta=2,noexec
     5                           	psect	cinit,global,class=CODE,space=0,merge=1,delta=2
     6                           	psect	dataBANK0,global,class=BANK0,space=1,delta=1,noexec
     7                           	psect	cstackCOMMON,global,class=COMMON,space=1,delta=1,noexec
     8                           	psect	cstackBANK0,global,class=BANK0,space=1,delta=1,noexec
     9                           	psect	maintext,global,class=CODE,space=0,split=1,delta=2
    10                           	psect	text1,local,class=CODE,space=0,merge=1,delta=2
    11                           	psect	text2,local,class=CODE,space=0,merge=1,delta=2,group=1
    12                           	psect	text3,local,class=CODE,space=0,merge=1,delta=2,group=1
    13                           	psect	config,global,abs,ovrld,class=CONFIG,space=4,delta=2,noexec
    14                           	dabs	1,0x7E,2
    15     0000                     
    16                           ; Generated 22/04/2026 GMT
    17                           ; 
    18                           ; Copyright (c) 2026 Microchip Technology Inc. and its subsidiaries.
    19                           ; 
    20                           ; Licensed under the Apache License, Version 2.0 (the "License");
    21                           ; you may not use this file except in compliance with the License.
    22                           ; You may obtain a copy of the License at
    23                           ; 
    24                           ;   http://www.apache.org/licenses/LICENSE-2.0
    25                           ; 
    26                           ; Unless required by applicable law or agreed to in writing, software
    27                           ; distributed under the License is distributed on an "AS IS" BASIS,
    28                           ; WITHOUT WARRANTIES OR CONDITIONS OF ANY KIND, either express or implied.
    29                           ; See the License for the specific language governing permissions and
    30                           ; limitations under the License.
    31                           ; 
    32                           ; 
    33                           ; Code-generator required, PIC16F628A Definitions
    34                           ; 
    35                           ; SFR Addresses
    36     0004                     fsr             equ	4
    37     0004                     fsr0            equ	4
    38     0000                     indf            equ	0
    39     0000                     indf0           equ	0
    40     0002                     pc              equ	2
    41     0002                     pcl             equ	2
    42     000A                     pclath          equ	10
    43     0003                     status          equ	3
    44     0000                     INDF            equ	0	;# 
    45     0001                     TMR0            equ	1	;# 
    46     0002                     PCL             equ	2	;# 
    47     0003                     STATUS          equ	3	;# 
    48     0004                     FSR             equ	4	;# 
    49     0005                     PORTA           equ	5	;# 
    50     0006                     PORTB           equ	6	;# 
    51     000A                     PCLATH          equ	10	;# 
    52     000B                     INTCON          equ	11	;# 
    53     000C                     PIR1            equ	12	;# 
    54     000E                     TMR1            equ	14	;# 
    55     000E                     TMR1L           equ	14	;# 
    56     000F                     TMR1H           equ	15	;# 
    57     0010                     T1CON           equ	16	;# 
    58     0011                     TMR2            equ	17	;# 
    59     0012                     T2CON           equ	18	;# 
    60     0015                     CCPR1           equ	21	;# 
    61     0015                     CCPR1L          equ	21	;# 
    62     0016                     CCPR1H          equ	22	;# 
    63     0017                     CCP1CON         equ	23	;# 
    64     0018                     RCSTA           equ	24	;# 
    65     0019                     TXREG           equ	25	;# 
    66     001A                     RCREG           equ	26	;# 
    67     001F                     CMCON           equ	31	;# 
    68     0081                     OPTION_REG      equ	129	;# 
    69     0085                     TRISA           equ	133	;# 
    70     0086                     TRISB           equ	134	;# 
    71     008C                     PIE1            equ	140	;# 
    72     008E                     PCON            equ	142	;# 
    73     0092                     PR2             equ	146	;# 
    74     0098                     TXSTA           equ	152	;# 
    75     0099                     SPBRG           equ	153	;# 
    76     009A                     EEDATA          equ	154	;# 
    77     009B                     EEADR           equ	155	;# 
    78     009C                     EECON1          equ	156	;# 
    79     009D                     EECON2          equ	157	;# 
    80     009F                     VRCON           equ	159	;# 
    81     0000                     INDF            equ	0	;# 
    82     0001                     TMR0            equ	1	;# 
    83     0002                     PCL             equ	2	;# 
    84     0003                     STATUS          equ	3	;# 
    85     0004                     FSR             equ	4	;# 
    86     0005                     PORTA           equ	5	;# 
    87     0006                     PORTB           equ	6	;# 
    88     000A                     PCLATH          equ	10	;# 
    89     000B                     INTCON          equ	11	;# 
    90     000C                     PIR1            equ	12	;# 
    91     000E                     TMR1            equ	14	;# 
    92     000E                     TMR1L           equ	14	;# 
    93     000F                     TMR1H           equ	15	;# 
    94     0010                     T1CON           equ	16	;# 
    95     0011                     TMR2            equ	17	;# 
    96     0012                     T2CON           equ	18	;# 
    97     0015                     CCPR1           equ	21	;# 
    98     0015                     CCPR1L          equ	21	;# 
    99     0016                     CCPR1H          equ	22	;# 
   100     0017                     CCP1CON         equ	23	;# 
   101     0018                     RCSTA           equ	24	;# 
   102     0019                     TXREG           equ	25	;# 
   103     001A                     RCREG           equ	26	;# 
   104     001F                     CMCON           equ	31	;# 
   105     0081                     OPTION_REG      equ	129	;# 
   106     0085                     TRISA           equ	133	;# 
   107     0086                     TRISB           equ	134	;# 
   108     008C                     PIE1            equ	140	;# 
   109     008E                     PCON            equ	142	;# 
   110     0092                     PR2             equ	146	;# 
   111     0098                     TXSTA           equ	152	;# 
   112     0099                     SPBRG           equ	153	;# 
   113     009A                     EEDATA          equ	154	;# 
   114     009B                     EEADR           equ	155	;# 
   115     009C                     EECON1          equ	156	;# 
   116     009D                     EECON2          equ	157	;# 
   117     009F                     VRCON           equ	159	;# 
   118                           
   119                           	psect	idataBANK0
   120     06BA                     __pidataBANK0:
   121                           
   122                           ;initializer for _display
   123     06BA  34EE               	retlw	238
   124     06BB  3400               	retlw	0
   125     06BC  3428               	retlw	40
   126     06BD  3400               	retlw	0
   127     06BE  34CD               	retlw	205
   128     06BF  3400               	retlw	0
   129     06C0  346D               	retlw	109
   130     06C1  3400               	retlw	0
   131     06C2  342B               	retlw	43
   132     06C3  3400               	retlw	0
   133     06C4  3467               	retlw	103
   134     06C5  3400               	retlw	0
   135     06C6  34E7               	retlw	231
   136     06C7  3400               	retlw	0
   137     06C8  342C               	retlw	44
   138     06C9  3400               	retlw	0
   139     06CA  34EF               	retlw	239
   140     06CB  3400               	retlw	0
   141     06CC  342F               	retlw	47
   142     06CD  3400               	retlw	0
   143     0006                     _PORTB          set	6
   144     0086                     _TRISB          set	134
   145                           
   146                           	psect	cinit
   147     07D6                     start_initialization:	
   148                           ; #config settings
   149                           
   150     07D6                     __initialization:
   151                           
   152                           ; Initialize objects allocated to BANK0
   153     07D6  26BA               	fcall	__pidataBANK0	;fetch initializer
   154     07D7  00A0               	movwf	__pdataBANK0& (0+127)
   155     07D8  26BB               	fcall	__pidataBANK0+1	;fetch initializer
   156     07D9  00A1               	movwf	(__pdataBANK0+1)& (0+127)
   157     07DA  26BC               	fcall	__pidataBANK0+2	;fetch initializer
   158     07DB  00A2               	movwf	(__pdataBANK0+2)& (0+127)
   159     07DC  26BD               	fcall	__pidataBANK0+3	;fetch initializer
   160     07DD  00A3               	movwf	(__pdataBANK0+3)& (0+127)
   161     07DE  26BE               	fcall	__pidataBANK0+4	;fetch initializer
   162     07DF  00A4               	movwf	(__pdataBANK0+4)& (0+127)
   163     07E0  26BF               	fcall	__pidataBANK0+5	;fetch initializer
   164     07E1  00A5               	movwf	(__pdataBANK0+5)& (0+127)
   165     07E2  26C0               	fcall	__pidataBANK0+6	;fetch initializer
   166     07E3  00A6               	movwf	(__pdataBANK0+6)& (0+127)
   167     07E4  26C1               	fcall	__pidataBANK0+7	;fetch initializer
   168     07E5  00A7               	movwf	(__pdataBANK0+7)& (0+127)
   169     07E6  26C2               	fcall	__pidataBANK0+8	;fetch initializer
   170     07E7  00A8               	movwf	(__pdataBANK0+8)& (0+127)
   171     07E8  26C3               	fcall	__pidataBANK0+9	;fetch initializer
   172     07E9  00A9               	movwf	(__pdataBANK0+9)& (0+127)
   173     07EA  26C4               	fcall	__pidataBANK0+10	;fetch initializer
   174     07EB  00AA               	movwf	(__pdataBANK0+10)& (0+127)
   175     07EC  26C5               	fcall	__pidataBANK0+11	;fetch initializer
   176     07ED  00AB               	movwf	(__pdataBANK0+11)& (0+127)
   177     07EE  26C6               	fcall	__pidataBANK0+12	;fetch initializer
   178     07EF  00AC               	movwf	(__pdataBANK0+12)& (0+127)
   179     07F0  26C7               	fcall	__pidataBANK0+13	;fetch initializer
   180     07F1  00AD               	movwf	(__pdataBANK0+13)& (0+127)
   181     07F2  26C8               	fcall	__pidataBANK0+14	;fetch initializer
   182     07F3  00AE               	movwf	(__pdataBANK0+14)& (0+127)
   183     07F4  26C9               	fcall	__pidataBANK0+15	;fetch initializer
   184     07F5  00AF               	movwf	(__pdataBANK0+15)& (0+127)
   185     07F6  26CA               	fcall	__pidataBANK0+16	;fetch initializer
   186     07F7  00B0               	movwf	(__pdataBANK0+16)& (0+127)
   187     07F8  26CB               	fcall	__pidataBANK0+17	;fetch initializer
   188     07F9  00B1               	movwf	(__pdataBANK0+17)& (0+127)
   189     07FA  26CC               	fcall	__pidataBANK0+18	;fetch initializer
   190     07FB  00B2               	movwf	(__pdataBANK0+18)& (0+127)
   191     07FC  26CD               	fcall	__pidataBANK0+19	;fetch initializer
   192     07FD  00B3               	movwf	(__pdataBANK0+19)& (0+127)
   193     07FE                     end_of_initialization:	
   194                           ;End of C runtime variable initialization code
   195                           
   196     07FE                     __end_of__initialization:
   197     07FE  0183               	clrf	3
   198     07FF  2F56               	ljmp	_main	;jump to C main() function
   199                           
   200                           	psect	dataBANK0
   201     0020                     __pdataBANK0:
   202     0020                     _display:
   203     0020                     	ds	20
   204                           
   205                           	psect	cstackCOMMON
   206     0070                     __pcstackCOMMON:
   207     0070                     ?_configuracao:
   208     0070                     ?_main:	
   209                           ; 1 bytes @ 0x0
   210                           
   211     0070                     ?___wmul:	
   212                           ; 1 bytes @ 0x0
   213                           
   214     0070                     ?___awdiv:	
   215                           ; 2 bytes @ 0x0
   216                           
   217     0070                     ___wmul@multiplier:	
   218                           ; 2 bytes @ 0x0
   219                           
   220     0070                     ___awdiv@divisor:	
   221                           ; 2 bytes @ 0x0
   222                           
   223     0070                     ??_configuracao:	
   224                           ; 2 bytes @ 0x0
   225                           
   226                           
   227                           ; 1 bytes @ 0x0
   228     0070                     	ds	2
   229     0072                     ___wmul@multiplicand:
   230     0072                     ___awdiv@dividend:	
   231                           ; 2 bytes @ 0x2
   232                           
   233                           
   234                           ; 2 bytes @ 0x2
   235     0072                     	ds	2
   236     0074                     ___awdiv@counter:
   237     0074                     ___wmul@product:	
   238                           ; 1 bytes @ 0x4
   239                           
   240     0074                     ??___wmul:	
   241                           ; 2 bytes @ 0x4
   242                           
   243     0074                     ??___awdiv:	
   244                           ; 1 bytes @ 0x4
   245                           
   246                           
   247                           ; 1 bytes @ 0x4
   248     0074                     	ds	1
   249     0075                     ___awdiv@sign:
   250                           
   251                           ; 1 bytes @ 0x5
   252     0075                     	ds	1
   253     0076                     ___awdiv@quotient:
   254                           
   255                           ; 2 bytes @ 0x6
   256     0076                     	ds	2
   257     0078                     ??_main:
   258                           
   259                           ; 1 bytes @ 0x8
   260     0078                     	ds	2
   261                           
   262                           	psect	cstackBANK0
   263     0034                     __pcstackBANK0:
   264     0034                     main@unidade:
   265                           
   266                           ; 2 bytes @ 0x0
   267     0034                     	ds	2
   268     0036                     main@tempo:
   269                           
   270                           ; 2 bytes @ 0x2
   271     0036                     	ds	2
   272     0038                     main@dezena:
   273                           
   274                           ; 2 bytes @ 0x4
   275     0038                     	ds	2
   276     003A                     main@valor:
   277                           
   278                           ; 2 bytes @ 0x6
   279     003A                     	ds	2
   280                           
   281                           	psect	maintext
   282     0756                     __pmaintext:	
   283 ;;
   284 ;;Main: autosize = 0, tempsize = 2, incstack = 0, save=0
   285 ;;
   286 ;; *************** function _main *****************
   287 ;; Defined at:
   288 ;;		line 27 in file "main.c"
   289 ;; Parameters:    Size  Location     Type
   290 ;;		None
   291 ;; Auto vars:     Size  Location     Type
   292 ;;  valor           2    6[BANK0 ] int 
   293 ;;  dezena          2    4[BANK0 ] int 
   294 ;;  tempo           2    2[BANK0 ] int 
   295 ;;  unidade         2    0[BANK0 ] int 
   296 ;; Return value:  Size  Location     Type
   297 ;;                  1    wreg      void 
   298 ;; Registers used:
   299 ;;		wreg, fsr0l, fsr0h, status,2, status,0, pclath, btemp1, cstack
   300 ;; Tracked objects:
   301 ;;		On entry : B00/0
   302 ;;		On exit  : 0/0
   303 ;;		Unchanged: 0/0
   304 ;; Data sizes:     COMMON   BANK0   BANK1   BANK2
   305 ;;      Params:         0       0       0       0
   306 ;;      Locals:         0       8       0       0
   307 ;;      Temps:          2       0       0       0
   308 ;;      Totals:         2       8       0       0
   309 ;;Total ram usage:       10 bytes
   310 ;; Hardware stack levels required when called: 1
   311 ;; This function calls:
   312 ;;		___awdiv
   313 ;;		___wmul
   314 ;;		_configuracao
   315 ;; This function is called by:
   316 ;;		Startup code after reset
   317 ;; This function uses a non-reentrant model
   318 ;;
   319                           
   320     0756                     _main:	
   321                           ;psect for function _main
   322                           
   323     0756                     l712:	
   324                           ;incstack = 0
   325                           ; Regs used in _main: [wreg-fsr0h+status,2+status,0+pclath+btemp1+cstack]
   326                           
   327                           
   328                           ;main.c: 29:     int valor = 0;
   329     0756  1283               	bcf	3,5	;RP0=0, select bank0
   330     0757  1303               	bcf	3,6	;RP1=0, select bank0
   331     0758  01BA               	clrf	main@valor
   332     0759  01BB               	clrf	main@valor+1
   333                           
   334                           ;main.c: 30:     int dezena = 0;
   335     075A  01B8               	clrf	main@dezena
   336     075B  01B9               	clrf	main@dezena+1
   337                           
   338                           ;main.c: 31:     int unidade = 0;
   339     075C  01B4               	clrf	main@unidade
   340     075D  01B5               	clrf	main@unidade+1
   341                           
   342                           ;main.c: 32:     int tempo = 0;
   343     075E  01B6               	clrf	main@tempo
   344     075F  01B7               	clrf	main@tempo+1
   345     0760                     l714:
   346                           
   347                           ;main.c: 33:     configuracao();
   348     0760  26B6               	fcall	_configuracao
   349     0761                     l716:
   350                           
   351                           ;main.c: 35:     {;main.c: 36:         PORTB = display[dezena];
   352     0761  1283               	bcf	3,5	;RP0=0, select bank0
   353     0762  1303               	bcf	3,6	;RP1=0, select bank0
   354     0763  0838               	movf	main@dezena,w
   355     0764  00F8               	movwf	??_main
   356     0765  0778               	addwf	??_main,w
   357     0766  3E20               	addlw	(low (_display| 0))& (0+255)
   358     0767  0084               	movwf	4
   359     0768  1383               	bcf	3,7	;select IRP bank0
   360     0769  0800               	movf	0,w
   361     076A  0086               	movwf	6	;volatile
   362     076B                     l718:
   363                           
   364                           ;main.c: 37:         _delay((unsigned long)((50)*(4000000/4000.0)));
   365     076B  3041               	movlw	65
   366     076C  00F9               	movwf	??_main+1
   367     076D  30EE               	movlw	238
   368     076E  00F8               	movwf	??_main
   369     076F                     u337:
   370     076F  0BF8               	decfsz	??_main,f
   371     0770  2F6F               	goto	u337
   372     0771  0BF9               	decfsz	??_main+1,f
   373     0772  2F6F               	goto	u337
   374     0773  0000               	nop
   375     0774                     l720:
   376                           
   377                           ;main.c: 38:         PORTB = display[unidade] | 0x10;
   378     0774  1283               	bcf	3,5	;RP0=0, select bank0
   379     0775  1303               	bcf	3,6	;RP1=0, select bank0
   380     0776  0834               	movf	main@unidade,w
   381     0777  00F8               	movwf	??_main
   382     0778  0778               	addwf	??_main,w
   383     0779  3E20               	addlw	(low (_display| 0))& (0+255)
   384     077A  0084               	movwf	4
   385     077B  1383               	bcf	3,7	;select IRP bank0
   386     077C  0800               	movf	0,w
   387     077D  3810               	iorlw	16
   388     077E  0086               	movwf	6	;volatile
   389     077F                     l722:
   390                           
   391                           ;main.c: 39:         _delay((unsigned long)((50)*(4000000/4000.0)));
   392     077F  3041               	movlw	65
   393     0780  00F9               	movwf	??_main+1
   394     0781  30EE               	movlw	238
   395     0782  00F8               	movwf	??_main
   396     0783                     u347:
   397     0783  0BF8               	decfsz	??_main,f
   398     0784  2F83               	goto	u347
   399     0785  0BF9               	decfsz	??_main+1,f
   400     0786  2F83               	goto	u347
   401     0787  0000               	nop
   402     0788                     l724:
   403                           
   404                           ;main.c: 41:         tempo++;
   405     0788  3001               	movlw	1
   406     0789  1283               	bcf	3,5	;RP0=0, select bank0
   407     078A  1303               	bcf	3,6	;RP1=0, select bank0
   408     078B  07B6               	addwf	main@tempo,f
   409     078C  1803               	skipnc
   410     078D  0AB7               	incf	main@tempo+1,f
   411     078E  3000               	movlw	0
   412     078F  07B7               	addwf	main@tempo+1,f
   413     0790                     l726:
   414                           
   415                           ;main.c: 43:         if (tempo == 5)
   416     0790  3005               	movlw	5
   417     0791  0636               	xorwf	main@tempo,w
   418     0792  0437               	iorwf	main@tempo+1,w
   419     0793  1D03               	btfss	3,2
   420     0794  2F96               	goto	u311
   421     0795  2F97               	goto	u310
   422     0796                     u311:
   423     0796  2F61               	goto	l716
   424     0797                     u310:
   425     0797                     l728:
   426                           
   427                           ;main.c: 44:         {;main.c: 45:             tempo = 0;
   428     0797  01B6               	clrf	main@tempo
   429     0798  01B7               	clrf	main@tempo+1
   430     0799                     l730:
   431                           
   432                           ;main.c: 46:             valor ++;
   433     0799  3001               	movlw	1
   434     079A  07BA               	addwf	main@valor,f
   435     079B  1803               	skipnc
   436     079C  0ABB               	incf	main@valor+1,f
   437     079D  3000               	movlw	0
   438     079E  07BB               	addwf	main@valor+1,f
   439     079F                     l732:
   440                           
   441                           ;main.c: 47:             if (valor > 99) valor = 0;
   442     079F  083B               	movf	main@valor+1,w
   443     07A0  3A80               	xorlw	128
   444     07A1  00FF               	movwf	btemp1
   445     07A2  3080               	movlw	128
   446     07A3  027F               	subwf	btemp1,w
   447     07A4  1D03               	skipz
   448     07A5  2FA8               	goto	u325
   449     07A6  3064               	movlw	100
   450     07A7  023A               	subwf	main@valor,w
   451     07A8                     u325:
   452     07A8  1C03               	skipc
   453     07A9  2FAB               	goto	u321
   454     07AA  2FAC               	goto	u320
   455     07AB                     u321:
   456     07AB  2FB0               	goto	l736
   457     07AC                     u320:
   458     07AC                     l734:
   459     07AC  1283               	bcf	3,5	;RP0=0, select bank0
   460     07AD  1303               	bcf	3,6	;RP1=0, select bank0
   461     07AE  01BA               	clrf	main@valor
   462     07AF  01BB               	clrf	main@valor+1
   463     07B0                     l736:
   464                           
   465                           ;main.c: 48:             dezena = valor / 10;
   466     07B0  300A               	movlw	10
   467     07B1  00F0               	movwf	___awdiv@divisor
   468     07B2  3000               	movlw	0
   469     07B3  00F1               	movwf	___awdiv@divisor+1
   470     07B4  1283               	bcf	3,5	;RP0=0, select bank0
   471     07B5  1303               	bcf	3,6	;RP1=0, select bank0
   472     07B6  083B               	movf	main@valor+1,w
   473     07B7  00F3               	movwf	___awdiv@dividend+1
   474     07B8  083A               	movf	main@valor,w
   475     07B9  00F2               	movwf	___awdiv@dividend
   476     07BA  26F3               	fcall	___awdiv
   477     07BB  0871               	movf	?___awdiv+1,w
   478     07BC  1283               	bcf	3,5	;RP0=0, select bank0
   479     07BD  1303               	bcf	3,6	;RP1=0, select bank0
   480     07BE  00B9               	movwf	main@dezena+1
   481     07BF  0870               	movf	?___awdiv,w
   482     07C0  00B8               	movwf	main@dezena
   483     07C1                     l738:
   484                           
   485                           ;main.c: 49:             unidade = valor - (dezena * 10);
   486     07C1  0839               	movf	main@dezena+1,w
   487     07C2  00F1               	movwf	___wmul@multiplier+1
   488     07C3  0838               	movf	main@dezena,w
   489     07C4  00F0               	movwf	___wmul@multiplier
   490     07C5  30F6               	movlw	246
   491     07C6  00F2               	movwf	___wmul@multiplicand
   492     07C7  30FF               	movlw	255
   493     07C8  00F3               	movwf	___wmul@multiplicand+1
   494     07C9  26CE               	fcall	___wmul
   495     07CA  1283               	bcf	3,5	;RP0=0, select bank0
   496     07CB  1303               	bcf	3,6	;RP1=0, select bank0
   497     07CC  083A               	movf	main@valor,w
   498     07CD  0770               	addwf	?___wmul,w
   499     07CE  00B4               	movwf	main@unidade
   500     07CF  083B               	movf	main@valor+1,w
   501     07D0  1803               	skipnc
   502     07D1  0A3B               	incf	main@valor+1,w
   503     07D2  0771               	addwf	?___wmul+1,w
   504     07D3  00B5               	movwf	main@unidade+1
   505     07D4  2F61               	goto	l716
   506     07D5  2800               	ljmp	start
   507     07D6                     __end_of_main:
   508                           
   509                           	psect	text1
   510     06B6                     __ptext1:	
   511 ;; *************** function _configuracao *****************
   512 ;; Defined at:
   513 ;;		line 22 in file "main.c"
   514 ;; Parameters:    Size  Location     Type
   515 ;;		None
   516 ;; Auto vars:     Size  Location     Type
   517 ;;		None
   518 ;; Return value:  Size  Location     Type
   519 ;;                  1    wreg      void 
   520 ;; Registers used:
   521 ;;		status,2
   522 ;; Tracked objects:
   523 ;;		On entry : 0/0
   524 ;;		On exit  : 0/0
   525 ;;		Unchanged: 0/0
   526 ;; Data sizes:     COMMON   BANK0   BANK1   BANK2
   527 ;;      Params:         0       0       0       0
   528 ;;      Locals:         0       0       0       0
   529 ;;      Temps:          0       0       0       0
   530 ;;      Totals:         0       0       0       0
   531 ;;Total ram usage:        0 bytes
   532 ;; Hardware stack levels used: 1
   533 ;; This function calls:
   534 ;;		Nothing
   535 ;; This function is called by:
   536 ;;		_main
   537 ;; This function uses a non-reentrant model
   538 ;;
   539                           
   540     06B6                     _configuracao:	
   541                           ;psect for function _configuracao
   542                           
   543     06B6                     l652:	
   544                           ;incstack = 0
   545                           ; Regs used in _configuracao: [status,2]
   546                           
   547                           
   548                           ;main.c: 24:     TRISB = 0x00;
   549     06B6  1683               	bsf	3,5	;RP0=1, select bank1
   550     06B7  1303               	bcf	3,6	;RP1=0, select bank1
   551     06B8  0186               	clrf	6	;volatile
   552     06B9                     l11:
   553     06B9  0008               	return
   554     06BA                     __end_of_configuracao:
   555                           
   556                           	psect	text2
   557     06CE                     __ptext2:	
   558 ;; *************** function ___wmul *****************
   559 ;; Defined at:
   560 ;;		line 15 in file "C:\Program Files\Microchip\xc8\v3.10\pic\sources\c99\common\Umul16.c"
   561 ;; Parameters:    Size  Location     Type
   562 ;;  multiplier      2    0[COMMON] unsigned int 
   563 ;;  multiplicand    2    2[COMMON] unsigned int 
   564 ;; Auto vars:     Size  Location     Type
   565 ;;  product         2    4[COMMON] unsigned int 
   566 ;; Return value:  Size  Location     Type
   567 ;;                  2    0[COMMON] unsigned int 
   568 ;; Registers used:
   569 ;;		wreg, status,2, status,0
   570 ;; Tracked objects:
   571 ;;		On entry : 0/0
   572 ;;		On exit  : 0/0
   573 ;;		Unchanged: 0/0
   574 ;; Data sizes:     COMMON   BANK0   BANK1   BANK2
   575 ;;      Params:         4       0       0       0
   576 ;;      Locals:         2       0       0       0
   577 ;;      Temps:          0       0       0       0
   578 ;;      Totals:         6       0       0       0
   579 ;;Total ram usage:        6 bytes
   580 ;; Hardware stack levels used: 1
   581 ;; This function calls:
   582 ;;		Nothing
   583 ;; This function is called by:
   584 ;;		_main
   585 ;; This function uses a non-reentrant model
   586 ;;
   587                           
   588     06CE                     ___wmul:	
   589                           ;psect for function ___wmul
   590                           
   591     06CE                     l654:	
   592                           ;incstack = 0
   593                           ; Regs used in ___wmul: [wreg+status,2+status,0]
   594                           
   595     06CE  01F4               	clrf	___wmul@product
   596     06CF  01F5               	clrf	___wmul@product+1
   597     06D0                     l656:
   598     06D0  1C70               	btfss	___wmul@multiplier,0
   599     06D1  2ED3               	goto	u171
   600     06D2  2ED4               	goto	u170
   601     06D3                     u171:
   602     06D3  2EDA               	goto	l106
   603     06D4                     u170:
   604     06D4                     l658:
   605     06D4  0872               	movf	___wmul@multiplicand,w
   606     06D5  07F4               	addwf	___wmul@product,f
   607     06D6  1803               	skipnc
   608     06D7  0AF5               	incf	___wmul@product+1,f
   609     06D8  0873               	movf	___wmul@multiplicand+1,w
   610     06D9  07F5               	addwf	___wmul@product+1,f
   611     06DA                     l106:
   612     06DA  3001               	movlw	1
   613     06DB                     u185:
   614     06DB  1003               	clrc
   615     06DC  0DF2               	rlf	___wmul@multiplicand,f
   616     06DD  0DF3               	rlf	___wmul@multiplicand+1,f
   617     06DE  3EFF               	addlw	-1
   618     06DF  1D03               	skipz
   619     06E0  2EDB               	goto	u185
   620     06E1                     l660:
   621     06E1  3001               	movlw	1
   622     06E2                     u195:
   623     06E2  1003               	clrc
   624     06E3  0CF1               	rrf	___wmul@multiplier+1,f
   625     06E4  0CF0               	rrf	___wmul@multiplier,f
   626     06E5  3EFF               	addlw	-1
   627     06E6  1D03               	skipz
   628     06E7  2EE2               	goto	u195
   629     06E8                     l662:
   630     06E8  0870               	movf	___wmul@multiplier,w
   631     06E9  0471               	iorwf	___wmul@multiplier+1,w
   632     06EA  1D03               	btfss	3,2
   633     06EB  2EED               	goto	u201
   634     06EC  2EEE               	goto	u200
   635     06ED                     u201:
   636     06ED  2ED0               	goto	l656
   637     06EE                     u200:
   638     06EE                     l664:
   639     06EE  0875               	movf	___wmul@product+1,w
   640     06EF  00F1               	movwf	?___wmul+1
   641     06F0  0874               	movf	___wmul@product,w
   642     06F1  00F0               	movwf	?___wmul
   643     06F2                     l108:
   644     06F2  0008               	return
   645     06F3                     __end_of___wmul:
   646                           
   647                           	psect	text3
   648     06F3                     __ptext3:	
   649 ;; *************** function ___awdiv *****************
   650 ;; Defined at:
   651 ;;		line 5 in file "C:\Program Files\Microchip\xc8\v3.10\pic\sources\c99\common\awdiv.c"
   652 ;; Parameters:    Size  Location     Type
   653 ;;  divisor         2    0[COMMON] int 
   654 ;;  dividend        2    2[COMMON] int 
   655 ;; Auto vars:     Size  Location     Type
   656 ;;  quotient        2    6[COMMON] int 
   657 ;;  sign            1    5[COMMON] unsigned char 
   658 ;;  counter         1    4[COMMON] unsigned char 
   659 ;; Return value:  Size  Location     Type
   660 ;;                  2    0[COMMON] int 
   661 ;; Registers used:
   662 ;;		wreg, status,2, status,0
   663 ;; Tracked objects:
   664 ;;		On entry : 0/0
   665 ;;		On exit  : 0/0
   666 ;;		Unchanged: 0/0
   667 ;; Data sizes:     COMMON   BANK0   BANK1   BANK2
   668 ;;      Params:         4       0       0       0
   669 ;;      Locals:         4       0       0       0
   670 ;;      Temps:          0       0       0       0
   671 ;;      Totals:         8       0       0       0
   672 ;;Total ram usage:        8 bytes
   673 ;; Hardware stack levels used: 1
   674 ;; This function calls:
   675 ;;		Nothing
   676 ;; This function is called by:
   677 ;;		_main
   678 ;; This function uses a non-reentrant model
   679 ;;
   680                           
   681     06F3                     ___awdiv:	
   682                           ;psect for function ___awdiv
   683                           
   684     06F3                     l668:	
   685                           ;incstack = 0
   686                           ; Regs used in ___awdiv: [wreg+status,2+status,0]
   687                           
   688     06F3  01F5               	clrf	___awdiv@sign
   689     06F4                     l670:
   690     06F4  1FF1               	btfss	___awdiv@divisor+1,7
   691     06F5  2EF7               	goto	u211
   692     06F6  2EF8               	goto	u210
   693     06F7                     u211:
   694     06F7  2EFF               	goto	l676
   695     06F8                     u210:
   696     06F8                     l672:
   697     06F8  09F0               	comf	___awdiv@divisor,f
   698     06F9  09F1               	comf	___awdiv@divisor+1,f
   699     06FA  0AF0               	incf	___awdiv@divisor,f
   700     06FB  1903               	skipnz
   701     06FC  0AF1               	incf	___awdiv@divisor+1,f
   702     06FD                     l674:
   703     06FD  3001               	movlw	1
   704     06FE  00F5               	movwf	___awdiv@sign
   705     06FF                     l676:
   706     06FF  1FF3               	btfss	___awdiv@dividend+1,7
   707     0700  2F02               	goto	u221
   708     0701  2F03               	goto	u220
   709     0702                     u221:
   710     0702  2F0A               	goto	l682
   711     0703                     u220:
   712     0703                     l678:
   713     0703  09F2               	comf	___awdiv@dividend,f
   714     0704  09F3               	comf	___awdiv@dividend+1,f
   715     0705  0AF2               	incf	___awdiv@dividend,f
   716     0706  1903               	skipnz
   717     0707  0AF3               	incf	___awdiv@dividend+1,f
   718     0708                     l680:
   719     0708  3001               	movlw	1
   720     0709  06F5               	xorwf	___awdiv@sign,f
   721     070A                     l682:
   722     070A  01F6               	clrf	___awdiv@quotient
   723     070B  01F7               	clrf	___awdiv@quotient+1
   724     070C                     l684:
   725     070C  0870               	movf	___awdiv@divisor,w
   726     070D  0471               	iorwf	___awdiv@divisor+1,w
   727     070E  1903               	btfsc	3,2
   728     070F  2F11               	goto	u231
   729     0710  2F12               	goto	u230
   730     0711                     u231:
   731     0711  2F47               	goto	l704
   732     0712                     u230:
   733     0712                     l686:
   734     0712  3001               	movlw	1
   735     0713  00F4               	movwf	___awdiv@counter
   736     0714  2F1E               	goto	l692
   737     0715                     l688:
   738     0715  3001               	movlw	1
   739     0716                     u245:
   740     0716  1003               	clrc
   741     0717  0DF0               	rlf	___awdiv@divisor,f
   742     0718  0DF1               	rlf	___awdiv@divisor+1,f
   743     0719  3EFF               	addlw	-1
   744     071A  1D03               	skipz
   745     071B  2F16               	goto	u245
   746     071C                     l690:
   747     071C  3001               	movlw	1
   748     071D  07F4               	addwf	___awdiv@counter,f
   749     071E                     l692:
   750     071E  1FF1               	btfss	___awdiv@divisor+1,7
   751     071F  2F21               	goto	u251
   752     0720  2F22               	goto	u250
   753     0721                     u251:
   754     0721  2F15               	goto	l688
   755     0722                     u250:
   756     0722                     l694:
   757     0722  3001               	movlw	1
   758     0723                     u265:
   759     0723  1003               	clrc
   760     0724  0DF6               	rlf	___awdiv@quotient,f
   761     0725  0DF7               	rlf	___awdiv@quotient+1,f
   762     0726  3EFF               	addlw	-1
   763     0727  1D03               	skipz
   764     0728  2F23               	goto	u265
   765     0729  0871               	movf	___awdiv@divisor+1,w
   766     072A  0273               	subwf	___awdiv@dividend+1,w
   767     072B  1D03               	skipz
   768     072C  2F2F               	goto	u275
   769     072D  0870               	movf	___awdiv@divisor,w
   770     072E  0272               	subwf	___awdiv@dividend,w
   771     072F                     u275:
   772     072F  1C03               	skipc
   773     0730  2F32               	goto	u271
   774     0731  2F33               	goto	u270
   775     0732                     u271:
   776     0732  2F3A               	goto	l700
   777     0733                     u270:
   778     0733                     l696:
   779     0733  0870               	movf	___awdiv@divisor,w
   780     0734  02F2               	subwf	___awdiv@dividend,f
   781     0735  0871               	movf	___awdiv@divisor+1,w
   782     0736  1C03               	skipc
   783     0737  03F3               	decf	___awdiv@dividend+1,f
   784     0738  02F3               	subwf	___awdiv@dividend+1,f
   785     0739                     l698:
   786     0739  1476               	bsf	___awdiv@quotient,0
   787     073A                     l700:
   788     073A  3001               	movlw	1
   789     073B                     u285:
   790     073B  1003               	clrc
   791     073C  0CF1               	rrf	___awdiv@divisor+1,f
   792     073D  0CF0               	rrf	___awdiv@divisor,f
   793     073E  3EFF               	addlw	-1
   794     073F  1D03               	skipz
   795     0740  2F3B               	goto	u285
   796     0741                     l702:
   797     0741  3001               	movlw	1
   798     0742  02F4               	subwf	___awdiv@counter,f
   799     0743  1D03               	btfss	3,2
   800     0744  2F46               	goto	u291
   801     0745  2F47               	goto	u290
   802     0746                     u291:
   803     0746  2F22               	goto	l694
   804     0747                     u290:
   805     0747                     l704:
   806     0747  0875               	movf	___awdiv@sign,w
   807     0748  1903               	btfsc	3,2
   808     0749  2F4B               	goto	u301
   809     074A  2F4C               	goto	u300
   810     074B                     u301:
   811     074B  2F51               	goto	l708
   812     074C                     u300:
   813     074C                     l706:
   814     074C  09F6               	comf	___awdiv@quotient,f
   815     074D  09F7               	comf	___awdiv@quotient+1,f
   816     074E  0AF6               	incf	___awdiv@quotient,f
   817     074F  1903               	skipnz
   818     0750  0AF7               	incf	___awdiv@quotient+1,f
   819     0751                     l708:
   820     0751  0877               	movf	___awdiv@quotient+1,w
   821     0752  00F1               	movwf	?___awdiv+1
   822     0753  0876               	movf	___awdiv@quotient,w
   823     0754  00F0               	movwf	?___awdiv
   824     0755                     l259:
   825     0755  0008               	return
   826     0756                     __end_of___awdiv:
   827     0000                     ___latbits      equ	0
   828     007E                     btemp           set	126	;btemp
   829     007E                     btemp0          set	126
   830     007F                     btemp1          set	127
   831     007E                     wtemp0          set	126
   832     007F                     wtemp0a         set	127
   833     007F                     ttemp0a         set	127
   834     0080                     ltemp0a         set	128
   835                           
   836                           	psect	config
   837                           
   838                           ;Config register CONFIG @ 0x2007
   839                           ;	Oscillator Selection bits
   840                           ;	FOSC = HS, HS oscillator: High-speed crystal/resonator on RA6/OSC2/CLKOUT and RA7/OSC1
      +                          /CLKIN
   841                           ;	Watchdog Timer Enable bit
   842                           ;	WDTE = OFF, WDT disabled
   843                           ;	Power-up Timer Enable bit
   844                           ;	PWRTE = OFF, PWRT disabled
   845                           ;	RA5/MCLR/VPP Pin Function Select bit
   846                           ;	MCLRE = ON, RA5/MCLR/VPP pin function is MCLR
   847                           ;	Brown-out Detect Enable bit
   848                           ;	BOREN = OFF, BOD disabled
   849                           ;	Low-Voltage Programming Enable bit
   850                           ;	LVP = OFF, RB4/PGM pin has digital I/O function, HV on MCLR must be used for programmi
      +                          ng
   851                           ;	Data EE Memory Code Protection bit
   852                           ;	CPD = OFF, Data memory code protection off
   853                           ;	Flash Program Memory Code Protection bit
   854                           ;	CP = OFF, Code protection off
   855     2007                     	org	8199
   856     2007  3F2A               	dw	16170

Data Sizes:
    Strings     0
    Constant    0
    Data        20
    BSS         0
    Persistent  0
    Stack       0

Auto Spaces:
    Space          Size  Autos    Used
    COMMON           14     10      10
    BANK0            80      8      28
    BANK1            80      0       0
    BANK2            48      0       0

Pointer List with Targets:

    None.

Critical Paths under _main in COMMON

    _main->___awdiv

Critical Paths under _main in BANK0

    None.

Critical Paths under _main in BANK1

    None.

Critical Paths under _main in BANK2

    None.

Call Graph Tables:

 ---------------------------------------------------------------------------------
 (Depth) Function   	        Calls       Base Space   Used Autos Params    Refs
 ---------------------------------------------------------------------------------
 (0) _main                                                10    10      0     560
                                              8 COMMON     2     2      0
                                              0 BANK0      8     8      0
                            ___awdiv
                             ___wmul
                       _configuracao
 ---------------------------------------------------------------------------------
 (1) _configuracao                                         0     0      0       0
 ---------------------------------------------------------------------------------
 (1) ___wmul                                               6     2      4      94
                                              0 COMMON     6     2      4
 ---------------------------------------------------------------------------------
 (1) ___awdiv                                              8     4      4     302
                                              0 COMMON     8     4      4
 ---------------------------------------------------------------------------------
 Estimated maximum stack depth 1
 ---------------------------------------------------------------------------------

 Call Graph Graphs:

 _main (ROOT)
   ___awdiv
   ___wmul
   _configuracao

Address spaces:
Name               Size   Autos  Total    Usage
BANK2               48      0       0      0.0%
BITBANK2            48      0       0      0.0%
BANK1               80      0       0      0.0%
BITBANK1            80      0       0      0.0%
BANK0               80      8      28     35.0%
BITBANK0            80      0       0      0.0%
COMMON              14     10      10     71.4%
BITCOMMON           14      0       0      0.0%
DATA                 0      0      38      0.0%
STACK                0      0       0      0.0%


Microchip Technology PIC Macro Assembler V3.10 build 20250813170317 
Symbol Table                                                                                   Mon Sep 28 21:37:08 2026

          ?_configuracao 0070                       l11 06B9             ___awdiv@sign 0075  
    ___wmul@multiplicand 0072                      l106 06DA                      l108 06F2  
                    l259 0755                      l700 073A                      l702 0741  
                    l704 0747                      l720 0774                      l712 0756  
                    l706 074C                      l730 0799                      l722 077F  
                    l714 0760                      l708 0751                      l660 06E1  
                    l652 06B6                      l732 079F                      l724 0788  
                    l716 0761                      l670 06F4                      l662 06E8  
                    l654 06CE                      l734 07AC                      l726 0790  
                    l718 076B                      l680 0708                      l672 06F8  
                    l664 06EE                      l656 06D0                      l736 07B0  
                    l728 0797                      l690 071C                      l682 070A  
                    l674 06FD                      l658 06D4                      l738 07C1  
                    l692 071E                      l684 070C                      l676 06FF  
                    l668 06F3                      l694 0722                      l686 0712  
                    l678 0703                      l696 0733                      l688 0715  
                    l698 0739                      u200 06EE                      u201 06ED  
                    u210 06F8                      u211 06F7                      u300 074C  
                    u220 0703                      u301 074B                      u221 0702  
                    u230 0712                      u310 0797                      u231 0711  
                    u311 0796                      u320 07AC                      u321 07AB  
                    u250 0722                      u170 06D4                      u251 0721  
                    u171 06D3                      u245 0716                      u325 07A8  
                    u270 0733                      u271 0732                      u265 0723  
                    u185 06DB                      u337 076F                      u290 0747  
                    u291 0746                      u275 072F                      u195 06E2  
                    u347 0783                      u285 073B                      fsr0 0004  
                    indf 0000                     _main 0756                     btemp 007E  
            main@unidade 0034                     start 0000           ??_configuracao 0070  
                  ?_main 0070          __end_of___awdiv 0756          ___awdiv@divisor 0070  
        ___awdiv@counter 0074                    _PORTB 0006                    _TRISB 0086  
                  btemp0 007E                    btemp1 007F                    status 0003  
                  wtemp0 007E          __initialization 07D6             __end_of_main 07D6  
                 ??_main 0078         ___awdiv@dividend 0072                   ___wmul 06CE  
              ??___awdiv 0074         ___awdiv@quotient 0076                   ltemp0a 0080  
                 ttemp0a 007F     __end_of_configuracao 06BA                   wtemp0a 007F  
__end_of__initialization 07FE           __pcstackCOMMON 0070             __pidataBANK0 06BA  
             __pmaintext 0756                  ?___wmul 0070                  ___awdiv 06F3  
                __ptext1 06B6                  __ptext2 06CE                  __ptext3 06F3  
                _display 0020     end_of_initialization 07FE             _configuracao 06B6  
             main@dezena 0038           __end_of___wmul 06F3      start_initialization 07D6  
               ??___wmul 0074              __pdataBANK0 0020                ___latbits 0000  
          __pcstackBANK0 0034                 ?___awdiv 0070           ___wmul@product 0074  
      ___wmul@multiplier 0070                main@valor 003A                main@tempo 0036  
