

Microchip MPLAB XC8 Assembler V3.10 build 20250813170317 
                                                                                               Mon Sep 28 19:53:52 2026

Microchip MPLAB XC8 C Compiler v3.10 (Free license) build 20250813170317 Og1 
     1                           	processor	16F628A
     2                           	pagewidth 120
     3                           	opt	flic
     4                           	psect	idataBANK0,global,class=CODE,space=0,delta=2,noexec
     5                           	psect	cinit,global,class=CODE,space=0,merge=1,delta=2
     6                           	psect	dataBANK0,global,class=BANK0,space=1,delta=1,noexec
     7                           	psect	cstackCOMMON,global,class=COMMON,space=1,delta=1,noexec
     8                           	psect	maintext,global,class=CODE,space=0,split=1,delta=2
     9                           	psect	text1,local,class=CODE,space=0,merge=1,delta=2
    10                           	psect	config,global,abs,ovrld,class=CONFIG,space=4,delta=2,noexec
    11                           	dabs	1,0x7E,2
    12     0000                     
    13                           ; Generated 22/04/2026 GMT
    14                           ; 
    15                           ; Copyright (c) 2026 Microchip Technology Inc. and its subsidiaries.
    16                           ; 
    17                           ; Licensed under the Apache License, Version 2.0 (the "License");
    18                           ; you may not use this file except in compliance with the License.
    19                           ; You may obtain a copy of the License at
    20                           ; 
    21                           ;   http://www.apache.org/licenses/LICENSE-2.0
    22                           ; 
    23                           ; Unless required by applicable law or agreed to in writing, software
    24                           ; distributed under the License is distributed on an "AS IS" BASIS,
    25                           ; WITHOUT WARRANTIES OR CONDITIONS OF ANY KIND, either express or implied.
    26                           ; See the License for the specific language governing permissions and
    27                           ; limitations under the License.
    28                           ; 
    29                           ; 
    30                           ; Code-generator required, PIC16F628A Definitions
    31                           ; 
    32                           ; SFR Addresses
    33     0004                     fsr             equ	4
    34     0004                     fsr0            equ	4
    35     0000                     indf            equ	0
    36     0000                     indf0           equ	0
    37     0002                     pc              equ	2
    38     0002                     pcl             equ	2
    39     000A                     pclath          equ	10
    40     0003                     status          equ	3
    41     0000                     INDF            equ	0	;# 
    42     0001                     TMR0            equ	1	;# 
    43     0002                     PCL             equ	2	;# 
    44     0003                     STATUS          equ	3	;# 
    45     0004                     FSR             equ	4	;# 
    46     0005                     PORTA           equ	5	;# 
    47     0006                     PORTB           equ	6	;# 
    48     000A                     PCLATH          equ	10	;# 
    49     000B                     INTCON          equ	11	;# 
    50     000C                     PIR1            equ	12	;# 
    51     000E                     TMR1            equ	14	;# 
    52     000E                     TMR1L           equ	14	;# 
    53     000F                     TMR1H           equ	15	;# 
    54     0010                     T1CON           equ	16	;# 
    55     0011                     TMR2            equ	17	;# 
    56     0012                     T2CON           equ	18	;# 
    57     0015                     CCPR1           equ	21	;# 
    58     0015                     CCPR1L          equ	21	;# 
    59     0016                     CCPR1H          equ	22	;# 
    60     0017                     CCP1CON         equ	23	;# 
    61     0018                     RCSTA           equ	24	;# 
    62     0019                     TXREG           equ	25	;# 
    63     001A                     RCREG           equ	26	;# 
    64     001F                     CMCON           equ	31	;# 
    65     0081                     OPTION_REG      equ	129	;# 
    66     0085                     TRISA           equ	133	;# 
    67     0086                     TRISB           equ	134	;# 
    68     008C                     PIE1            equ	140	;# 
    69     008E                     PCON            equ	142	;# 
    70     0092                     PR2             equ	146	;# 
    71     0098                     TXSTA           equ	152	;# 
    72     0099                     SPBRG           equ	153	;# 
    73     009A                     EEDATA          equ	154	;# 
    74     009B                     EEADR           equ	155	;# 
    75     009C                     EECON1          equ	156	;# 
    76     009D                     EECON2          equ	157	;# 
    77     009F                     VRCON           equ	159	;# 
    78     0000                     INDF            equ	0	;# 
    79     0001                     TMR0            equ	1	;# 
    80     0002                     PCL             equ	2	;# 
    81     0003                     STATUS          equ	3	;# 
    82     0004                     FSR             equ	4	;# 
    83     0005                     PORTA           equ	5	;# 
    84     0006                     PORTB           equ	6	;# 
    85     000A                     PCLATH          equ	10	;# 
    86     000B                     INTCON          equ	11	;# 
    87     000C                     PIR1            equ	12	;# 
    88     000E                     TMR1            equ	14	;# 
    89     000E                     TMR1L           equ	14	;# 
    90     000F                     TMR1H           equ	15	;# 
    91     0010                     T1CON           equ	16	;# 
    92     0011                     TMR2            equ	17	;# 
    93     0012                     T2CON           equ	18	;# 
    94     0015                     CCPR1           equ	21	;# 
    95     0015                     CCPR1L          equ	21	;# 
    96     0016                     CCPR1H          equ	22	;# 
    97     0017                     CCP1CON         equ	23	;# 
    98     0018                     RCSTA           equ	24	;# 
    99     0019                     TXREG           equ	25	;# 
   100     001A                     RCREG           equ	26	;# 
   101     001F                     CMCON           equ	31	;# 
   102     0081                     OPTION_REG      equ	129	;# 
   103     0085                     TRISA           equ	133	;# 
   104     0086                     TRISB           equ	134	;# 
   105     008C                     PIE1            equ	140	;# 
   106     008E                     PCON            equ	142	;# 
   107     0092                     PR2             equ	146	;# 
   108     0098                     TXSTA           equ	152	;# 
   109     0099                     SPBRG           equ	153	;# 
   110     009A                     EEDATA          equ	154	;# 
   111     009B                     EEADR           equ	155	;# 
   112     009C                     EECON1          equ	156	;# 
   113     009D                     EECON2          equ	157	;# 
   114     009F                     VRCON           equ	159	;# 
   115                           
   116                           	psect	idataBANK0
   117     0766                     __pidataBANK0:
   118                           
   119                           ;initializer for _display
   120     0766  34EE               	retlw	238
   121     0767  3400               	retlw	0
   122     0768  3428               	retlw	40
   123     0769  3400               	retlw	0
   124     076A  34CD               	retlw	205
   125     076B  3400               	retlw	0
   126     076C  346D               	retlw	109
   127     076D  3400               	retlw	0
   128     076E  342B               	retlw	43
   129     076F  3400               	retlw	0
   130     0770  3467               	retlw	103
   131     0771  3400               	retlw	0
   132     0772  34E7               	retlw	231
   133     0773  3400               	retlw	0
   134     0774  342C               	retlw	44
   135     0775  3400               	retlw	0
   136     0776  34EF               	retlw	239
   137     0777  3400               	retlw	0
   138     0778  342F               	retlw	47
   139     0779  3400               	retlw	0
   140     0006                     _PORTB          set	6
   141     0086                     _TRISB          set	134
   142                           
   143                           	psect	cinit
   144     07D6                     start_initialization:	
   145                           ; #config settings
   146                           
   147     07D6                     __initialization:
   148                           
   149                           ; Initialize objects allocated to BANK0
   150     07D6  2766               	fcall	__pidataBANK0	;fetch initializer
   151     07D7  00A0               	movwf	__pdataBANK0& (0+127)
   152     07D8  2767               	fcall	__pidataBANK0+1	;fetch initializer
   153     07D9  00A1               	movwf	(__pdataBANK0+1)& (0+127)
   154     07DA  2768               	fcall	__pidataBANK0+2	;fetch initializer
   155     07DB  00A2               	movwf	(__pdataBANK0+2)& (0+127)
   156     07DC  2769               	fcall	__pidataBANK0+3	;fetch initializer
   157     07DD  00A3               	movwf	(__pdataBANK0+3)& (0+127)
   158     07DE  276A               	fcall	__pidataBANK0+4	;fetch initializer
   159     07DF  00A4               	movwf	(__pdataBANK0+4)& (0+127)
   160     07E0  276B               	fcall	__pidataBANK0+5	;fetch initializer
   161     07E1  00A5               	movwf	(__pdataBANK0+5)& (0+127)
   162     07E2  276C               	fcall	__pidataBANK0+6	;fetch initializer
   163     07E3  00A6               	movwf	(__pdataBANK0+6)& (0+127)
   164     07E4  276D               	fcall	__pidataBANK0+7	;fetch initializer
   165     07E5  00A7               	movwf	(__pdataBANK0+7)& (0+127)
   166     07E6  276E               	fcall	__pidataBANK0+8	;fetch initializer
   167     07E7  00A8               	movwf	(__pdataBANK0+8)& (0+127)
   168     07E8  276F               	fcall	__pidataBANK0+9	;fetch initializer
   169     07E9  00A9               	movwf	(__pdataBANK0+9)& (0+127)
   170     07EA  2770               	fcall	__pidataBANK0+10	;fetch initializer
   171     07EB  00AA               	movwf	(__pdataBANK0+10)& (0+127)
   172     07EC  2771               	fcall	__pidataBANK0+11	;fetch initializer
   173     07ED  00AB               	movwf	(__pdataBANK0+11)& (0+127)
   174     07EE  2772               	fcall	__pidataBANK0+12	;fetch initializer
   175     07EF  00AC               	movwf	(__pdataBANK0+12)& (0+127)
   176     07F0  2773               	fcall	__pidataBANK0+13	;fetch initializer
   177     07F1  00AD               	movwf	(__pdataBANK0+13)& (0+127)
   178     07F2  2774               	fcall	__pidataBANK0+14	;fetch initializer
   179     07F3  00AE               	movwf	(__pdataBANK0+14)& (0+127)
   180     07F4  2775               	fcall	__pidataBANK0+15	;fetch initializer
   181     07F5  00AF               	movwf	(__pdataBANK0+15)& (0+127)
   182     07F6  2776               	fcall	__pidataBANK0+16	;fetch initializer
   183     07F7  00B0               	movwf	(__pdataBANK0+16)& (0+127)
   184     07F8  2777               	fcall	__pidataBANK0+17	;fetch initializer
   185     07F9  00B1               	movwf	(__pdataBANK0+17)& (0+127)
   186     07FA  2778               	fcall	__pidataBANK0+18	;fetch initializer
   187     07FB  00B2               	movwf	(__pdataBANK0+18)& (0+127)
   188     07FC  2779               	fcall	__pidataBANK0+19	;fetch initializer
   189     07FD  00B3               	movwf	(__pdataBANK0+19)& (0+127)
   190     07FE                     end_of_initialization:	
   191                           ;End of C runtime variable initialization code
   192                           
   193     07FE                     __end_of__initialization:
   194     07FE  0183               	clrf	3
   195     07FF  2F7A               	ljmp	_main	;jump to C main() function
   196                           
   197                           	psect	dataBANK0
   198     0020                     __pdataBANK0:
   199     0020                     _display:
   200     0020                     	ds	20
   201                           
   202                           	psect	cstackCOMMON
   203     0070                     __pcstackCOMMON:
   204     0070                     ?_configuracao:
   205     0070                     ?_main:	
   206                           ; 1 bytes @ 0x0
   207                           
   208     0070                     ??_configuracao:	
   209                           ; 1 bytes @ 0x0
   210                           
   211     0070                     ??_main:	
   212                           ; 1 bytes @ 0x0
   213                           
   214                           
   215                           ; 1 bytes @ 0x0
   216     0070                     	ds	3
   217     0073                     main@i:
   218                           
   219                           ; 2 bytes @ 0x3
   220     0073                     	ds	2
   221     0075                     main@i_39:
   222                           
   223                           ; 2 bytes @ 0x5
   224     0075                     	ds	2
   225                           
   226                           	psect	maintext
   227     077A                     __pmaintext:	
   228 ;;
   229 ;;Main: autosize = 0, tempsize = 3, incstack = 0, save=0
   230 ;;
   231 ;; *************** function _main *****************
   232 ;; Defined at:
   233 ;;		line 27 in file "main.c"
   234 ;; Parameters:    Size  Location     Type
   235 ;;		None
   236 ;; Auto vars:     Size  Location     Type
   237 ;;  i               2    5[COMMON] int 
   238 ;;  i               2    3[COMMON] int 
   239 ;; Return value:  Size  Location     Type
   240 ;;                  1    wreg      void 
   241 ;; Registers used:
   242 ;;		wreg, fsr0l, fsr0h, status,2, status,0, pclath, btemp1, cstack
   243 ;; Tracked objects:
   244 ;;		On entry : B00/0
   245 ;;		On exit  : 0/0
   246 ;;		Unchanged: 0/0
   247 ;; Data sizes:     COMMON   BANK0   BANK1   BANK2
   248 ;;      Params:         0       0       0       0
   249 ;;      Locals:         4       0       0       0
   250 ;;      Temps:          3       0       0       0
   251 ;;      Totals:         7       0       0       0
   252 ;;Total ram usage:        7 bytes
   253 ;; Hardware stack levels required when called: 1
   254 ;; This function calls:
   255 ;;		_configuracao
   256 ;; This function is called by:
   257 ;;		Startup code after reset
   258 ;; This function uses a non-reentrant model
   259 ;;
   260                           
   261     077A                     _main:	
   262                           ;psect for function _main
   263                           
   264     077A                     l568:	
   265                           ;incstack = 0
   266                           ; Regs used in _main: [wreg-fsr0h+status,2+status,0+pclath+btemp1+cstack]
   267                           
   268                           
   269                           ;main.c: 29:     configuracao();
   270     077A  2762               	fcall	_configuracao
   271     077B                     l570:
   272                           
   273                           ;main.c: 31:     {;main.c: 32:         for (int i = 0; i < 10; i++)
   274     077B  01F3               	clrf	main@i
   275     077C  01F4               	clrf	main@i+1
   276     077D                     l576:
   277                           
   278                           ;main.c: 33:         {;main.c: 34:             PORTB = display[i];
   279     077D  0873               	movf	main@i,w
   280     077E  00F0               	movwf	??_main
   281     077F  0770               	addwf	??_main,w
   282     0780  3E20               	addlw	(low (_display| 0))& (0+255)
   283     0781  0084               	movwf	4
   284     0782  1383               	bcf	3,7	;select IRP bank0
   285     0783  0800               	movf	0,w
   286     0784  1283               	bcf	3,5	;RP0=0, select bank0
   287     0785  1303               	bcf	3,6	;RP1=0, select bank0
   288     0786  0086               	movwf	6	;volatile
   289     0787                     l578:
   290                           
   291                           ;main.c: 35:             _delay((unsigned long)((200)*(4000000/4000.0)));
   292     0787  3002               	movlw	2
   293     0788  00F2               	movwf	??_main+2
   294     0789  3004               	movlw	4
   295     078A  00F1               	movwf	??_main+1
   296     078B  30BA               	movlw	186
   297     078C  00F0               	movwf	??_main
   298     078D                     u37:
   299     078D  0BF0               	decfsz	??_main,f
   300     078E  2F8D               	goto	u37
   301     078F  0BF1               	decfsz	??_main+1,f
   302     0790  2F8D               	goto	u37
   303     0791  0BF2               	decfsz	??_main+2,f
   304     0792  2F8D               	goto	u37
   305     0793  0000               	nop
   306     0794                     l580:
   307                           
   308                           ;main.c: 36:         }
   309     0794  3001               	movlw	1
   310     0795  07F3               	addwf	main@i,f
   311     0796  1803               	skipnc
   312     0797  0AF4               	incf	main@i+1,f
   313     0798  3000               	movlw	0
   314     0799  07F4               	addwf	main@i+1,f
   315     079A                     l582:
   316     079A  0874               	movf	main@i+1,w
   317     079B  3A80               	xorlw	128
   318     079C  00FF               	movwf	btemp1
   319     079D  3080               	movlw	128
   320     079E  027F               	subwf	btemp1,w
   321     079F  1D03               	skipz
   322     07A0  2FA3               	goto	u15
   323     07A1  300A               	movlw	10
   324     07A2  0273               	subwf	main@i,w
   325     07A3                     u15:
   326     07A3  1C03               	skipc
   327     07A4  2FA6               	goto	u11
   328     07A5  2FA7               	goto	u10
   329     07A6                     u11:
   330     07A6  2F7D               	goto	l576
   331     07A7                     u10:
   332     07A7                     l584:
   333                           
   334                           ;main.c: 37:         for (int i = 0; i < 10; i++)
   335     07A7  01F5               	clrf	main@i_39
   336     07A8  01F6               	clrf	main@i_39+1
   337     07A9                     l590:
   338                           
   339                           ;main.c: 38:         {;main.c: 39:             PORTB = display[i] | 0x10;
   340     07A9  0875               	movf	main@i_39,w
   341     07AA  00F0               	movwf	??_main
   342     07AB  0770               	addwf	??_main,w
   343     07AC  3E20               	addlw	(low (_display| 0))& (0+255)
   344     07AD  0084               	movwf	4
   345     07AE  1383               	bcf	3,7	;select IRP bank0
   346     07AF  0800               	movf	0,w
   347     07B0  3810               	iorlw	16
   348     07B1  1283               	bcf	3,5	;RP0=0, select bank0
   349     07B2  1303               	bcf	3,6	;RP1=0, select bank0
   350     07B3  0086               	movwf	6	;volatile
   351     07B4                     l592:
   352                           
   353                           ;main.c: 40:             _delay((unsigned long)((200)*(4000000/4000.0)));
   354     07B4  3002               	movlw	2
   355     07B5  00F2               	movwf	??_main+2
   356     07B6  3004               	movlw	4
   357     07B7  00F1               	movwf	??_main+1
   358     07B8  30BA               	movlw	186
   359     07B9  00F0               	movwf	??_main
   360     07BA                     u47:
   361     07BA  0BF0               	decfsz	??_main,f
   362     07BB  2FBA               	goto	u47
   363     07BC  0BF1               	decfsz	??_main+1,f
   364     07BD  2FBA               	goto	u47
   365     07BE  0BF2               	decfsz	??_main+2,f
   366     07BF  2FBA               	goto	u47
   367     07C0  0000               	nop
   368     07C1                     l594:
   369                           
   370                           ;main.c: 41:         }
   371     07C1  3001               	movlw	1
   372     07C2  07F5               	addwf	main@i_39,f
   373     07C3  1803               	skipnc
   374     07C4  0AF6               	incf	main@i_39+1,f
   375     07C5  3000               	movlw	0
   376     07C6  07F6               	addwf	main@i_39+1,f
   377     07C7                     l596:
   378     07C7  0876               	movf	main@i_39+1,w
   379     07C8  3A80               	xorlw	128
   380     07C9  00FF               	movwf	btemp1
   381     07CA  3080               	movlw	128
   382     07CB  027F               	subwf	btemp1,w
   383     07CC  1D03               	skipz
   384     07CD  2FD0               	goto	u25
   385     07CE  300A               	movlw	10
   386     07CF  0275               	subwf	main@i_39,w
   387     07D0                     u25:
   388     07D0  1C03               	skipc
   389     07D1  2FD3               	goto	u21
   390     07D2  2FD4               	goto	u20
   391     07D3                     u21:
   392     07D3  2FA9               	goto	l590
   393     07D4                     u20:
   394     07D4  2F7B               	goto	l570
   395     07D5  2800               	ljmp	start
   396     07D6                     __end_of_main:
   397                           
   398                           	psect	text1
   399     0762                     __ptext1:	
   400 ;; *************** function _configuracao *****************
   401 ;; Defined at:
   402 ;;		line 22 in file "main.c"
   403 ;; Parameters:    Size  Location     Type
   404 ;;		None
   405 ;; Auto vars:     Size  Location     Type
   406 ;;		None
   407 ;; Return value:  Size  Location     Type
   408 ;;                  1    wreg      void 
   409 ;; Registers used:
   410 ;;		status,2
   411 ;; Tracked objects:
   412 ;;		On entry : 0/0
   413 ;;		On exit  : 0/0
   414 ;;		Unchanged: 0/0
   415 ;; Data sizes:     COMMON   BANK0   BANK1   BANK2
   416 ;;      Params:         0       0       0       0
   417 ;;      Locals:         0       0       0       0
   418 ;;      Temps:          0       0       0       0
   419 ;;      Totals:         0       0       0       0
   420 ;;Total ram usage:        0 bytes
   421 ;; Hardware stack levels used: 1
   422 ;; This function calls:
   423 ;;		Nothing
   424 ;; This function is called by:
   425 ;;		_main
   426 ;; This function uses a non-reentrant model
   427 ;;
   428                           
   429     0762                     _configuracao:	
   430                           ;psect for function _configuracao
   431                           
   432     0762                     l566:	
   433                           ;incstack = 0
   434                           ; Regs used in _configuracao: [status,2]
   435                           
   436                           
   437                           ;main.c: 24:     TRISB = 0x00;
   438     0762  1683               	bsf	3,5	;RP0=1, select bank1
   439     0763  1303               	bcf	3,6	;RP1=0, select bank1
   440     0764  0186               	clrf	6	;volatile
   441     0765                     l11:
   442     0765  0008               	return
   443     0766                     __end_of_configuracao:
   444     0000                     ___latbits      equ	0
   445     007E                     btemp           set	126	;btemp
   446     007E                     btemp0          set	126
   447     007F                     btemp1          set	127
   448     007E                     wtemp0          set	126
   449     007F                     wtemp0a         set	127
   450     007F                     ttemp0a         set	127
   451     0080                     ltemp0a         set	128
   452                           
   453                           	psect	config
   454                           
   455                           ;Config register CONFIG @ 0x2007
   456                           ;	Oscillator Selection bits
   457                           ;	FOSC = HS, HS oscillator: High-speed crystal/resonator on RA6/OSC2/CLKOUT and RA7/OSC1
      +                          /CLKIN
   458                           ;	Watchdog Timer Enable bit
   459                           ;	WDTE = OFF, WDT disabled
   460                           ;	Power-up Timer Enable bit
   461                           ;	PWRTE = OFF, PWRT disabled
   462                           ;	RA5/MCLR/VPP Pin Function Select bit
   463                           ;	MCLRE = ON, RA5/MCLR/VPP pin function is MCLR
   464                           ;	Brown-out Detect Enable bit
   465                           ;	BOREN = OFF, BOD disabled
   466                           ;	Low-Voltage Programming Enable bit
   467                           ;	LVP = OFF, RB4/PGM pin has digital I/O function, HV on MCLR must be used for programmi
      +                          ng
   468                           ;	Data EE Memory Code Protection bit
   469                           ;	CPD = OFF, Data memory code protection off
   470                           ;	Flash Program Memory Code Protection bit
   471                           ;	CP = OFF, Code protection off
   472     2007                     	org	8199
   473     2007  3F2A               	dw	16170

Data Sizes:
    Strings     0
    Constant    0
    Data        20
    BSS         0
    Persistent  0
    Stack       0

Auto Spaces:
    Space          Size  Autos    Used
    COMMON           14      7       7
    BANK0            80      0      20
    BANK1            80      0       0
    BANK2            48      0       0

Pointer List with Targets:

    None.

Critical Paths under _main in COMMON

    None.

Critical Paths under _main in BANK0

    None.

Critical Paths under _main in BANK1

    None.

Critical Paths under _main in BANK2

    None.

Call Graph Tables:

 ---------------------------------------------------------------------------------
 (Depth) Function   	        Calls       Base Space   Used Autos Params    Refs
 ---------------------------------------------------------------------------------
 (0) _main                                                 7     7      0      90
                                              0 COMMON     7     7      0
                       _configuracao
 ---------------------------------------------------------------------------------
 (1) _configuracao                                         0     0      0       0
 ---------------------------------------------------------------------------------
 Estimated maximum stack depth 1
 ---------------------------------------------------------------------------------

 Call Graph Graphs:

 _main (ROOT)
   _configuracao

Address spaces:
Name               Size   Autos  Total    Usage
BANK2               48      0       0      0.0%
BITBANK2            48      0       0      0.0%
BANK1               80      0       0      0.0%
BITBANK1            80      0       0      0.0%
BANK0               80      0      20     25.0%
BITBANK0            80      0       0      0.0%
COMMON              14      7       7     50.0%
BITCOMMON           14      0       0      0.0%
DATA                 0      0      27      0.0%
STACK                0      0       0      0.0%


Microchip Technology PIC Macro Assembler V3.10 build 20250813170317 
Symbol Table                                                                                   Mon Sep 28 19:53:52 2026

          ?_configuracao 0070                       l11 0765                       u10 07A7  
                     u11 07A6                       u20 07D4                       u21 07D3  
                     u15 07A3                       u25 07D0                       u37 078D  
                     u47 07BA                      l570 077B                      l580 0794  
                    l566 0762                      l590 07A9                      l582 079A  
                    l592 07B4                      l584 07A7                      l576 077D  
                    l568 077A                      l594 07C1                      l578 0787  
                    l596 07C7                      fsr0 0004                      indf 0000  
                   _main 077A                     btemp 007E                     start 0000  
         ??_configuracao 0070                    ?_main 0070                    _PORTB 0006  
                  _TRISB 0086                    btemp0 007E                    btemp1 007F  
                  main@i 0073                    status 0003                    wtemp0 007E  
        __initialization 07D6             __end_of_main 07D6                   ??_main 0070  
                 ltemp0a 0080                   ttemp0a 007F     __end_of_configuracao 0766  
                 wtemp0a 007F  __end_of__initialization 07FE           __pcstackCOMMON 0070  
           __pidataBANK0 0766               __pmaintext 077A                  __ptext1 0762  
                _display 0020     end_of_initialization 07FE             _configuracao 0762  
    start_initialization 07D6              __pdataBANK0 0020                ___latbits 0000  
               main@i_39 0075  
